/home2/harshitlalwani/Decoder/RELDEC/algorithms/reldec_deep.py:266: FutureWarning: You are using `torch.load` with `weights_only=False` (the current default value), which uses the default pickle module implicitly. It is possible to construct malicious pickle data which will execute arbitrary code during unpickling (See https://github.com/pytorch/pytorch/blob/main/SECURITY.md#untrusted-models for more details). In a future release, the default value for `weights_only` will be flipped to `True`. This limits the functions that could be executed during unpickling. Arbitrary objects will no longer be allowed to be loaded via this mode unless they are explicitly allowlisted by the user via `torch.serialization.add_safe_globals`. We recommend you start setting `weights_only=True` for any use case where you don't have full control of the loaded file. Please open an issue on GitHub for any issues related to this experimental feature.
  return torch.load(buffer, map_location=map_location)
[train] run_id=train_a75f088d974c auto_resume=True
[train] code=mackay matrix=/home2/harshitlalwani/Decoder/RELDEC/matrices/H_Mackay_96_48.csv
[train] H shape=(48, 96) nnz=288 rate=0.500000
[train] episodes=12500 start=3750 l_max=50 alpha=0.1 beta=0.9 epsilon=0.6 policy_type=deep_zx cluster_size=6
[train] episode=3800/12500 mean_reward=0.888572 updates=190000
[train] episode=3900/12500 mean_reward=0.888255 updates=195000
[checkpoint] saved deep checkpoint at episode 4000
[train] episode=4000/12500 mean_reward=0.887635 updates=200000
[train] episode=4100/12500 mean_reward=0.887308 updates=205000
[train] episode=4200/12500 mean_reward=0.886437 updates=210000
[checkpoint] saved deep checkpoint at episode 4250
[train] episode=4300/12500 mean_reward=0.885587 updates=215000
[train] episode=4400/12500 mean_reward=0.884581 updates=220000
[checkpoint] saved deep checkpoint at episode 4500
[train] episode=4500/12500 mean_reward=0.884041 updates=225000
[train] episode=4600/12500 mean_reward=0.883523 updates=230000
[train] episode=4700/12500 mean_reward=0.882849 updates=235000
[checkpoint] saved deep checkpoint at episode 4750
[train] episode=4800/12500 mean_reward=0.882323 updates=240000
[train] episode=4900/12500 mean_reward=0.882115 updates=245000
[checkpoint] saved deep checkpoint at episode 5000
[train] episode=5000/12500 mean_reward=0.881873 updates=250000
[train] episode=5100/12500 mean_reward=0.881531 updates=255000
[train] episode=5200/12500 mean_reward=0.880851 updates=260000
[checkpoint] saved deep checkpoint at episode 5250
[train] episode=5300/12500 mean_reward=0.880194 updates=265000
[train] episode=5400/12500 mean_reward=0.879708 updates=270000
[checkpoint] saved deep checkpoint at episode 5500
[train] episode=5500/12500 mean_reward=0.878965 updates=275000
[train] episode=5600/12500 mean_reward=0.878545 updates=280000
[train] episode=5700/12500 mean_reward=0.878132 updates=285000
[checkpoint] saved deep checkpoint at episode 5750
[train] episode=5800/12500 mean_reward=0.877759 updates=290000
[train] episode=5900/12500 mean_reward=0.877374 updates=295000
[checkpoint] saved deep checkpoint at episode 6000
[train] episode=6000/12500 mean_reward=0.877067 updates=300000
[train] episode=6100/12500 mean_reward=0.876900 updates=305000
[train] episode=6200/12500 mean_reward=0.876510 updates=310000
[checkpoint] saved deep checkpoint at episode 6250
[train] episode=6300/12500 mean_reward=0.876402 updates=315000
[train] episode=6400/12500 mean_reward=0.876382 updates=320000
[checkpoint] saved deep checkpoint at episode 6500
[train] episode=6500/12500 mean_reward=0.876094 updates=325000
[train] episode=6600/12500 mean_reward=0.875331 updates=330000
[train] episode=6700/12500 mean_reward=0.875246 updates=335000
[checkpoint] saved deep checkpoint at episode 6750
[train] episode=6800/12500 mean_reward=0.874888 updates=340000
[train] episode=6900/12500 mean_reward=0.874628 updates=345000
[checkpoint] saved deep checkpoint at episode 7000
[train] episode=7000/12500 mean_reward=0.874150 updates=350000
[train] episode=7100/12500 mean_reward=0.873888 updates=355000
[train] episode=7200/12500 mean_reward=0.873757 updates=360000
[checkpoint] saved deep checkpoint at episode 7250
[train] episode=7300/12500 mean_reward=0.873783 updates=365000
[train] episode=7400/12500 mean_reward=0.873422 updates=370000
[checkpoint] saved deep checkpoint at episode 7500
[train] episode=7500/12500 mean_reward=0.873191 updates=375000
[train] episode=7600/12500 mean_reward=0.873065 updates=380000
[train] episode=7700/12500 mean_reward=0.872931 updates=385000
[checkpoint] saved deep checkpoint at episode 7750
[train] episode=7800/12500 mean_reward=0.872478 updates=390000
[train] episode=7900/12500 mean_reward=0.872330 updates=395000
[checkpoint] saved deep checkpoint at episode 8000
[train] episode=8000/12500 mean_reward=0.872338 updates=400000
[train] episode=8100/12500 mean_reward=0.872342 updates=405000
[train] episode=8200/12500 mean_reward=0.872175 updates=410000
[checkpoint] saved deep checkpoint at episode 8250
[train] episode=8300/12500 mean_reward=0.872291 updates=415000
[train] episode=8400/12500 mean_reward=0.872320 updates=420000
[checkpoint] saved deep checkpoint at episode 8500
[train] episode=8500/12500 mean_reward=0.872067 updates=425000
[train] episode=8600/12500 mean_reward=0.872192 updates=430000
[train] episode=8700/12500 mean_reward=0.872026 updates=435000
[checkpoint] saved deep checkpoint at episode 8750
[train] episode=8800/12500 mean_reward=0.872012 updates=440000
[train] episode=8900/12500 mean_reward=0.872005 updates=445000
[checkpoint] saved deep checkpoint at episode 9000
[train] episode=9000/12500 mean_reward=0.871701 updates=450000
[train] episode=9100/12500 mean_reward=0.871813 updates=455000
[train] episode=9200/12500 mean_reward=0.871731 updates=460000
[checkpoint] saved deep checkpoint at episode 9250
[train] episode=9300/12500 mean_reward=0.871647 updates=465000
[train] episode=9400/12500 mean_reward=0.871436 updates=470000
[checkpoint] saved deep checkpoint at episode 9500
[train] episode=9500/12500 mean_reward=0.871311 updates=475000
[train] episode=9600/12500 mean_reward=0.871363 updates=480000
[train] episode=9700/12500 mean_reward=0.871467 updates=485000
[checkpoint] saved deep checkpoint at episode 9750
[train] episode=9800/12500 mean_reward=0.871508 updates=490000
[train] episode=9900/12500 mean_reward=0.871719 updates=495000
[checkpoint] saved deep checkpoint at episode 10000
[train] episode=10000/12500 mean_reward=0.871756 updates=500000
[train] episode=10100/12500 mean_reward=0.871920 updates=505000
[train] episode=10200/12500 mean_reward=0.872021 updates=510000
[checkpoint] saved deep checkpoint at episode 10250
[train] episode=10300/12500 mean_reward=0.872263 updates=515000
[train] episode=10400/12500 mean_reward=0.872403 updates=520000
[checkpoint] saved deep checkpoint at episode 10500
[train] episode=10500/12500 mean_reward=0.872702 updates=525000
[train] episode=10600/12500 mean_reward=0.873031 updates=530000
[train] episode=10700/12500 mean_reward=0.873245 updates=535000
[checkpoint] saved deep checkpoint at episode 10750
[train] episode=10800/12500 mean_reward=0.873624 updates=540000
[train] episode=10900/12500 mean_reward=0.873899 updates=545000
[checkpoint] saved deep checkpoint at episode 11000
[train] episode=11000/12500 mean_reward=0.874095 updates=550000
[train] episode=11100/12500 mean_reward=0.874347 updates=555000
[train] episode=11200/12500 mean_reward=0.874493 updates=560000
[checkpoint] saved deep checkpoint at episode 11250
[train] episode=11300/12500 mean_reward=0.874727 updates=565000
[train] episode=11400/12500 mean_reward=0.874850 updates=570000
[checkpoint] saved deep checkpoint at episode 11500
[train] episode=11500/12500 mean_reward=0.875054 updates=575000
[train] episode=11600/12500 mean_reward=0.875222 updates=580000
[train] episode=11700/12500 mean_reward=0.875294 updates=585000
[checkpoint] saved deep checkpoint at episode 11750
[train] episode=11800/12500 mean_reward=0.875523 updates=590000
[train] episode=11900/12500 mean_reward=0.875706 updates=595000
[checkpoint] saved deep checkpoint at episode 12000
[train] episode=12000/12500 mean_reward=0.875763 updates=600000
[train] episode=12100/12500 mean_reward=0.875988 updates=605000
[train] episode=12200/12500 mean_reward=0.876049 updates=610000
[checkpoint] saved deep checkpoint at episode 12250
[train] episode=12300/12500 mean_reward=0.876198 updates=615000
[train] episode=12400/12500 mean_reward=0.876318 updates=620000
[checkpoint] saved deep checkpoint at episode 12500
[train] episode=12500/12500 mean_reward=0.876471 updates=625000
[done] training complete
[done] episodes_completed=12500
[done] total_updates=625000
[done] mean_reward=0.876471
[done] artifacts: /home2/harshitlalwani/Decoder/RELDEC/checkpoints/augmented_max_zx_mackay_mackay
