==========================================
SLURM_JOB_ID = 2620284
SLURM_NODELIST = gnode035
SLURM_JOB_GPUS = 2
==========================================
[eval] code=ab matrix=RELDEC/matrices/H_AB_3_7_196.csv
[eval] H shape=(84, 196) nnz=588 rate=0.571429 i_max=50
[eval] methods=['flooding']
[eval] SNR points=[0.5]
[eval] stop criteria: target_frame_errors=300 max_frames=10000
[eval] snr=0.50 dB
  - flooding    frames=    333 FER=9.009009e-01 BER=9.724520e-02 avg_msgs=27221.05
[done] wrote CSV: RELDEC/notebook_runs/continuous_reldec/active_run/ab/results/eval_flooding_snr0.5_primary_20260507_190206.csv
[done] wrote JSON: RELDEC/notebook_runs/continuous_reldec/active_run/ab/results/eval_flooding_snr0.5_primary_20260507_190206.json
[eval] code=ab matrix=RELDEC/matrices/H_AB_3_7_196.csv
[eval] H shape=(84, 196) nnz=588 rate=0.571429 i_max=50
[eval] methods=['round_robin']
[eval] SNR points=[0.5]
[eval] stop criteria: target_frame_errors=300 max_frames=10000
[eval] snr=0.50 dB
  - round_robin frames=    336 FER=8.928571e-01 BER=9.675656e-02 avg_msgs=26699.75
[done] wrote CSV: RELDEC/notebook_runs/continuous_reldec/active_run/ab/results/eval_round_robin_snr0.5_primary_20260507_190217.csv
[done] wrote JSON: RELDEC/notebook_runs/continuous_reldec/active_run/ab/results/eval_round_robin_snr0.5_primary_20260507_190217.json
[eval] code=ab matrix=RELDEC/matrices/H_AB_3_7_196.csv
[eval] H shape=(84, 196) nnz=588 rate=0.571429 i_max=50
[eval] methods=['reldec']
[eval] SNR points=[0.5]
[eval] stop criteria: target_frame_errors=300 max_frames=10000
[eval] snr=0.50 dB
  - reldec      frames=    337 FER=8.902077e-01 BER=9.656029e-02 avg_msgs=26428.59
[done] wrote CSV: RELDEC/notebook_runs/continuous_reldec/active_run/ab/results/eval_reldec_snr0.5_primary_20260507_190252.csv
[done] wrote JSON: RELDEC/notebook_runs/continuous_reldec/active_run/ab/results/eval_reldec_snr0.5_primary_20260507_190252.json
Selected q-table matching expected shape: RELDEC/notebook_runs/continuous_reldec/active_run/ab/checkpoints_reldec_tabular/q_table_final.npy
CMD: python3 RELDEC/evaluate_reldec.py --code ab --matrix-csv RELDEC/matrices/H_AB_3_7_196.csv --q-table RELDEC/notebook_runs/continuous_reldec/active_run/ab/checkpoints_reldec_tabular/q_table_final.npy --methods flooding  --snr-db 0.5 --target-frame-errors 300 --max-frames 10000 --seed 17 --output-csv RELDEC/notebook_runs/continuous_reldec/active_run/ab/results/eval_flooding_snr0.5_primary_20260507_190206.csv
CMD: python3 RELDEC/evaluate_reldec.py --code ab --matrix-csv RELDEC/matrices/H_AB_3_7_196.csv --q-table RELDEC/notebook_runs/continuous_reldec/active_run/ab/checkpoints_reldec_tabular/q_table_final.npy --methods round_robin  --snr-db 0.5 --target-frame-errors 300 --max-frames 10000 --seed 17 --output-csv RELDEC/notebook_runs/continuous_reldec/active_run/ab/results/eval_round_robin_snr0.5_primary_20260507_190217.csv
CMD: python3 RELDEC/evaluate_reldec.py --code ab --matrix-csv RELDEC/matrices/H_AB_3_7_196.csv --q-table RELDEC/notebook_runs/continuous_reldec/active_run/ab/checkpoints_reldec_tabular/q_table_final.npy --methods reldec  --snr-db 0.5 --target-frame-errors 300 --max-frames 10000 --seed 17 --output-csv RELDEC/notebook_runs/continuous_reldec/active_run/ab/results/eval_reldec_snr0.5_primary_20260507_190252.csv
No checkpoint found for deep_reldec_z7, attempting short training to produce one: notebook_runs/continuous_reldec/active_run/wran/checkpoints/checkpoints_deep_z7_1k/checkpoint_latest.npz
CMD: python3 RELDEC/train_reldec.py --code custom --matrix-csv RELDEC/matrices/H_AB_3_7_196.csv --policy-type deep_reldec_z7 --device cpu --resume '' --checkpoint-dir notebook_runs/continuous_reldec/active_run/wran/checkpoints/checkpoints_deep_z7_1k --checkpoint-every-episodes 250 --log-every 100 --max-episodes 250
