usage: evaluate_reldec.py [-h] [--code {ab,wran}] [--matrix-csv MATRIX_CSV]
                          [--q-table Q_TABLE]
                          [--mi-tabular-q-table MI_TABULAR_Q_TABLE]
                          [--deep-checkpoint DEEP_CHECKPOINT]
                          [--methods METHODS [METHODS ...]]
                          [--snr-db SNR_DB [SNR_DB ...]] [--i-max I_MAX]
                          [--code-rate CODE_RATE]
                          [--target-frame-errors TARGET_FRAME_ERRORS]
                          [--max-frames MAX_FRAMES] [--seed SEED]
                          [--random-codewords] [--output-csv OUTPUT_CSV]
                          [--output-json OUTPUT_JSON]
evaluate_reldec.py: error: argument --code: invalid choice: 'custom' (choose from 'ab', 'wran')
Traceback (most recent call last):
  File "/home2/harshitlalwani/Decoder/RELDEC/scripts/run_eval_sequence.py", line 97, in <module>
    eval_for_snr_list(primary, "primary")
  File "/home2/harshitlalwani/Decoder/RELDEC/scripts/run_eval_sequence.py", line 94, in eval_for_snr_list
    run_cmd(cmd, cwd=str(Path.cwd()))
  File "/home2/harshitlalwani/Decoder/RELDEC/scripts/run_eval_sequence.py", line 20, in run_cmd
    subprocess.run(cmd, shell=True, check=True, cwd=cwd)
  File "/usr/lib/python3.10/subprocess.py", line 526, in run
    raise CalledProcessError(retcode, process.args,
subprocess.CalledProcessError: Command 'python3 RELDEC/evaluate_reldec.py --code custom --matrix-csv RELDEC/matrices/H_AB_3_7_196.csv --methods flooding  --snr-db 0.5 --target-frame-errors 300 --max-frames 10000 --seed 17 --output-csv RELDEC/notebook_runs/continuous_reldec/active_run/ab/results/eval_flooding_snr0.5_primary_20260507_064233.csv' returned non-zero exit status 2.
