==========================================
SLURM_JOB_ID = 2620316
SLURM_NODELIST = gnode035
SLURM_JOB_GPUS = 2
==========================================
[eval] code=ab matrix=RELDEC/matrices/H_AB_3_7_196.csv
[eval] H shape=(84, 196) nnz=588 rate=0.571429 i_max=50
[eval] methods=['flooding']
[eval] SNR points=[0.5]
[eval] stop criteria: target_frame_errors=300 max_frames=10000
[eval] snr=0.50 dB
  - flooding    frames=    333 FER=9.009009e-01 BER=9.724520e-02 avg_msgs=27221.05
[done] wrote CSV: RELDEC/notebook_runs/continuous_reldec/active_run/ab/results/eval_flooding_snr0.5_primary_20260507_195328.csv
[done] wrote JSON: RELDEC/notebook_runs/continuous_reldec/active_run/ab/results/eval_flooding_snr0.5_primary_20260507_195328.json
[eval] code=ab matrix=RELDEC/matrices/H_AB_3_7_196.csv
[eval] H shape=(84, 196) nnz=588 rate=0.571429 i_max=50
[eval] methods=['random']
[eval] SNR points=[0.5]
[eval] stop criteria: target_frame_errors=300 max_frames=10000
[eval] snr=0.50 dB
  - random      frames=    338 FER=8.875740e-01 BER=9.337640e-02 avg_msgs=26729.64
[done] wrote CSV: RELDEC/notebook_runs/continuous_reldec/active_run/ab/results/eval_random_snr0.5_primary_20260507_195332.csv
[done] wrote JSON: RELDEC/notebook_runs/continuous_reldec/active_run/ab/results/eval_random_snr0.5_primary_20260507_195332.json
[eval] code=ab matrix=RELDEC/matrices/H_AB_3_7_196.csv
[eval] H shape=(84, 196) nnz=588 rate=0.571429 i_max=50
[eval] methods=['round_robin']
[eval] SNR points=[0.5]
[eval] stop criteria: target_frame_errors=300 max_frames=10000
[eval] snr=0.50 dB
  - round_robin frames=    336 FER=8.928571e-01 BER=9.675656e-02 avg_msgs=26699.75
[done] wrote CSV: RELDEC/notebook_runs/continuous_reldec/active_run/ab/results/eval_round_robin_snr0.5_primary_20260507_195405.csv
[done] wrote JSON: RELDEC/notebook_runs/continuous_reldec/active_run/ab/results/eval_round_robin_snr0.5_primary_20260507_195405.json
[eval] code=ab matrix=RELDEC/matrices/H_AB_3_7_196.csv
[eval] H shape=(84, 196) nnz=588 rate=0.571429 i_max=50
[eval] methods=['reldec']
[eval] SNR points=[0.5]
[eval] stop criteria: target_frame_errors=300 max_frames=10000
[eval] snr=0.50 dB
  - reldec      frames=    337 FER=8.902077e-01 BER=9.656029e-02 avg_msgs=26428.59
[done] wrote CSV: RELDEC/notebook_runs/continuous_reldec/active_run/ab/results/eval_reldec_snr0.5_primary_20260507_195438.csv
[done] wrote JSON: RELDEC/notebook_runs/continuous_reldec/active_run/ab/results/eval_reldec_snr0.5_primary_20260507_195438.json
[train] code=ab matrix=RELDEC/matrices/H_AB_3_7_196.csv
[train] H shape=(84, 196) nnz=588 rate=0.571429
[train] episodes=250 start=0 l_max=50 alpha=0.1 beta=0.9 epsilon=0.6 policy_type=deep_z7 cluster_size=7
[train] episode=100/250 mean_reward=0.951657 updates=5000
[train] episode=200/250 mean_reward=0.946792 updates=10000
[checkpoint] saved deep checkpoint at episode 250
[done] training complete
[done] episodes_completed=250
[done] total_updates=12500
[done] mean_reward=0.947478
[done] artifacts: notebook_runs/continuous_reldec/active_run/ab/checkpoints/checkpoints_deep_z7_1k
[eval] code=ab matrix=RELDEC/matrices/H_AB_3_7_196.csv
[eval] H shape=(84, 196) nnz=588 rate=0.571429 i_max=50
[eval] methods=['deep_reldec_z7']
[eval] SNR points=[0.5]
[eval] stop criteria: target_frame_errors=300 max_frames=10000
[eval] snr=0.50 dB
  - deep_reldec_z7 frames=    337 FER=8.902077e-01 BER=9.665112e-02 avg_msgs=26671.12
[done] wrote CSV: RELDEC/notebook_runs/continuous_reldec/active_run/ab/results/eval_deep_reldec_z7_snr0.5_primary_20260507_195946.csv
[done] wrote JSON: RELDEC/notebook_runs/continuous_reldec/active_run/ab/results/eval_deep_reldec_z7_snr0.5_primary_20260507_195946.json
[eval] code=ab matrix=RELDEC/matrices/H_AB_3_7_196.csv
[eval] H shape=(84, 196) nnz=588 rate=0.571429 i_max=50
[eval] methods=['mi_naive_z7']
[eval] SNR points=[0.5]
[eval] stop criteria: target_frame_errors=300 max_frames=10000
[eval] snr=0.50 dB
  - mi_naive_z7 frames=    336 FER=8.928571e-01 BER=9.698433e-02 avg_msgs=26915.00
[done] wrote CSV: RELDEC/notebook_runs/continuous_reldec/active_run/ab/results/eval_mi_naive_z7_snr0.5_primary_20260507_200140.csv
[done] wrote JSON: RELDEC/notebook_runs/continuous_reldec/active_run/ab/results/eval_mi_naive_z7_snr0.5_primary_20260507_200140.json
[train] code=ab matrix=RELDEC/matrices/H_AB_3_7_196.csv
[train] H shape=(84, 196) nnz=588 rate=0.571429
[train] episodes=250 start=0 l_max=50 alpha=0.1 beta=0.9 epsilon=0.6 policy_type=mi_tabular_z7 cluster_size=7
[train] episode=100/250 mean_reward=0.015390 updates=5000
[train] episode=200/250 mean_reward=0.015625 updates=10000
[checkpoint] saved at episode 250
[done] training complete
[done] episodes_completed=250
[done] total_updates=12500
[done] mean_reward=0.015859
[done] artifacts: notebook_runs/continuous_reldec/active_run/ab/checkpoints/checkpoints_mi_tabular_z7_1k
[eval] code=ab matrix=RELDEC/matrices/H_AB_3_7_196.csv
[eval] H shape=(84, 196) nnz=588 rate=0.571429 i_max=50
[eval] methods=['mi_tabular_z7']
[eval] SNR points=[0.5]
[eval] stop criteria: target_frame_errors=300 max_frames=10000
[eval] snr=0.50 dB
  - mi_tabular_z7 frames=    342 FER=8.771930e-01 BER=9.523810e-02 avg_msgs=26374.04
[done] wrote CSV: RELDEC/notebook_runs/continuous_reldec/active_run/ab/results/eval_mi_tabular_z7_snr0.5_primary_20260507_200240.csv
[done] wrote JSON: RELDEC/notebook_runs/continuous_reldec/active_run/ab/results/eval_mi_tabular_z7_snr0.5_primary_20260507_200240.json
[train] code=ab matrix=RELDEC/matrices/H_AB_3_7_196.csv
[train] H shape=(84, 196) nnz=588 rate=0.571429
[train] episodes=250 start=0 l_max=50 alpha=0.1 beta=0.9 epsilon=0.6 policy_type=mi_dqn_z7 cluster_size=7
[train] episode=100/250 mean_reward=0.015463 updates=5000
[train] episode=200/250 mean_reward=0.014915 updates=10000
[checkpoint] saved deep checkpoint at episode 250
[done] training complete
[done] episodes_completed=250
[done] total_updates=12500
[done] mean_reward=0.014998
[done] artifacts: notebook_runs/continuous_reldec/active_run/ab/checkpoints/checkpoints_mi_dqn_z7_1k
[eval] code=ab matrix=RELDEC/matrices/H_AB_3_7_196.csv
[eval] H shape=(84, 196) nnz=588 rate=0.571429 i_max=50
[eval] methods=['mi_dqn_z7']
[eval] SNR points=[0.5]
[eval] stop criteria: target_frame_errors=300 max_frames=10000
[eval] snr=0.50 dB
  - mi_dqn_z7   frames=    336 FER=8.928571e-01 BER=9.658953e-02 avg_msgs=26734.75
[done] wrote CSV: RELDEC/notebook_runs/continuous_reldec/active_run/ab/results/eval_mi_dqn_z7_snr0.5_primary_20260507_200415.csv
[done] wrote JSON: RELDEC/notebook_runs/continuous_reldec/active_run/ab/results/eval_mi_dqn_z7_snr0.5_primary_20260507_200415.json
[eval] code=ab matrix=RELDEC/matrices/H_AB_3_7_196.csv
[eval] H shape=(84, 196) nnz=588 rate=0.571429 i_max=50
[eval] methods=['flooding']
[eval] SNR points=[1.5]
[eval] stop criteria: target_frame_errors=300 max_frames=10000
[eval] snr=1.50 dB
  - flooding    frames=    652 FER=4.601227e-01 BER=3.752191e-02 avg_msgs=16200.66
[done] wrote CSV: RELDEC/notebook_runs/continuous_reldec/active_run/ab/results/eval_flooding_snr1.5_primary_20260507_200851.csv
[done] wrote JSON: RELDEC/notebook_runs/continuous_reldec/active_run/ab/results/eval_flooding_snr1.5_primary_20260507_200851.json
[eval] code=ab matrix=RELDEC/matrices/H_AB_3_7_196.csv
[eval] H shape=(84, 196) nnz=588 rate=0.571429 i_max=50
[eval] methods=['random']
[eval] SNR points=[1.5]
[eval] stop criteria: target_frame_errors=300 max_frames=10000
[eval] snr=1.50 dB
  - random      frames=    685 FER=4.379562e-01 BER=3.654849e-02 avg_msgs=14873.40
[done] wrote CSV: RELDEC/notebook_runs/continuous_reldec/active_run/ab/results/eval_random_snr1.5_primary_20260507_200855.csv
[done] wrote JSON: RELDEC/notebook_runs/continuous_reldec/active_run/ab/results/eval_random_snr1.5_primary_20260507_200855.json
[eval] code=ab matrix=RELDEC/matrices/H_AB_3_7_196.csv
[eval] H shape=(84, 196) nnz=588 rate=0.571429 i_max=50
[eval] methods=['round_robin']
[eval] SNR points=[1.5]
[eval] stop criteria: target_frame_errors=300 max_frames=10000
[eval] snr=1.50 dB
  - round_robin frames=    666 FER=4.504505e-01 BER=3.801250e-02 avg_msgs=14823.60
[done] wrote CSV: RELDEC/notebook_runs/continuous_reldec/active_run/ab/results/eval_round_robin_snr1.5_primary_20260507_200933.csv
[done] wrote JSON: RELDEC/notebook_runs/continuous_reldec/active_run/ab/results/eval_round_robin_snr1.5_primary_20260507_200933.json
[eval] code=ab matrix=RELDEC/matrices/H_AB_3_7_196.csv
[eval] H shape=(84, 196) nnz=588 rate=0.571429 i_max=50
[eval] methods=['reldec']
[eval] SNR points=[1.5]
[eval] stop criteria: target_frame_errors=300 max_frames=10000
[eval] snr=1.50 dB
  - reldec      frames=    824 FER=3.640777e-01 BER=3.195586e-02 avg_msgs=11720.75
[done] wrote CSV: RELDEC/notebook_runs/continuous_reldec/active_run/ab/results/eval_reldec_snr1.5_primary_20260507_201009.csv
[done] wrote JSON: RELDEC/notebook_runs/continuous_reldec/active_run/ab/results/eval_reldec_snr1.5_primary_20260507_201009.json
[eval] code=ab matrix=RELDEC/matrices/H_AB_3_7_196.csv
[eval] H shape=(84, 196) nnz=588 rate=0.571429 i_max=50
[eval] methods=['deep_reldec_z7']
[eval] SNR points=[1.5]
[eval] stop criteria: target_frame_errors=300 max_frames=10000
[eval] snr=1.50 dB
  - deep_reldec_z7 frames=    684 FER=4.385965e-01 BER=3.660938e-02 avg_msgs=14566.75
[done] wrote CSV: RELDEC/notebook_runs/continuous_reldec/active_run/ab/results/eval_deep_reldec_z7_snr1.5_primary_20260507_201556.csv
[done] wrote JSON: RELDEC/notebook_runs/continuous_reldec/active_run/ab/results/eval_deep_reldec_z7_snr1.5_primary_20260507_201556.json
[eval] code=ab matrix=RELDEC/matrices/H_AB_3_7_196.csv
[eval] H shape=(84, 196) nnz=588 rate=0.571429 i_max=50
[eval] methods=['mi_naive_z7']
[eval] SNR points=[1.5]
[eval] stop criteria: target_frame_errors=300 max_frames=10000
[eval] snr=1.50 dB
  - mi_naive_z7 frames=    664 FER=4.518072e-01 BER=3.901063e-02 avg_msgs=15164.91
[done] wrote CSV: RELDEC/notebook_runs/continuous_reldec/active_run/ab/results/eval_mi_naive_z7_snr1.5_primary_20260507_201723.csv
[done] wrote JSON: RELDEC/notebook_runs/continuous_reldec/active_run/ab/results/eval_mi_naive_z7_snr1.5_primary_20260507_201723.json
[eval] code=ab matrix=RELDEC/matrices/H_AB_3_7_196.csv
[eval] H shape=(84, 196) nnz=588 rate=0.571429 i_max=50
[eval] methods=['mi_tabular_z7']
[eval] SNR points=[1.5]
[eval] stop criteria: target_frame_errors=300 max_frames=10000
[eval] snr=1.50 dB
  - mi_tabular_z7 frames=    666 FER=4.504505e-01 BER=3.784397e-02 avg_msgs=15014.31
[done] wrote CSV: RELDEC/notebook_runs/continuous_reldec/active_run/ab/results/eval_mi_tabular_z7_snr1.5_primary_20260507_201837.csv
[done] wrote JSON: RELDEC/notebook_runs/continuous_reldec/active_run/ab/results/eval_mi_tabular_z7_snr1.5_primary_20260507_201837.json
[eval] code=ab matrix=RELDEC/matrices/H_AB_3_7_196.csv
[eval] H shape=(84, 196) nnz=588 rate=0.571429 i_max=50
[eval] methods=['mi_dqn_z7']
[eval] SNR points=[1.5]
[eval] stop criteria: target_frame_errors=300 max_frames=10000
[eval] snr=1.50 dB
  - mi_dqn_z7   frames=    671 FER=4.470939e-01 BER=3.742510e-02 avg_msgs=14880.52
[done] wrote CSV: RELDEC/notebook_runs/continuous_reldec/active_run/ab/results/eval_mi_dqn_z7_snr1.5_primary_20260507_201951.csv
[done] wrote JSON: RELDEC/notebook_runs/continuous_reldec/active_run/ab/results/eval_mi_dqn_z7_snr1.5_primary_20260507_201951.json
[eval] code=ab matrix=RELDEC/matrices/H_AB_3_7_196.csv
[eval] H shape=(84, 196) nnz=588 rate=0.571429 i_max=50
[eval] methods=['flooding']
[eval] SNR points=[2.5]
[eval] stop criteria: target_frame_errors=300 max_frames=10000
[eval] snr=2.50 dB
  - flooding    frames=   4023 FER=7.457122e-02 BER=4.985365e-03 avg_msgs=5186.18
[done] wrote CSV: RELDEC/notebook_runs/continuous_reldec/active_run/ab/results/eval_flooding_snr2.5_primary_20260507_202217.csv
[done] wrote JSON: RELDEC/notebook_runs/continuous_reldec/active_run/ab/results/eval_flooding_snr2.5_primary_20260507_202217.json
[eval] code=ab matrix=RELDEC/matrices/H_AB_3_7_196.csv
[eval] H shape=(84, 196) nnz=588 rate=0.571429 i_max=50
[eval] methods=['random']
[eval] SNR points=[2.5]
[eval] stop criteria: target_frame_errors=300 max_frames=10000
[eval] snr=2.50 dB
  - random      frames=   5001 FER=5.998800e-02 BER=4.303221e-03 avg_msgs=3852.04
[done] wrote CSV: RELDEC/notebook_runs/continuous_reldec/active_run/ab/results/eval_random_snr2.5_primary_20260507_202222.csv
[done] wrote JSON: RELDEC/notebook_runs/continuous_reldec/active_run/ab/results/eval_random_snr2.5_primary_20260507_202222.json
[eval] code=ab matrix=RELDEC/matrices/H_AB_3_7_196.csv
[eval] H shape=(84, 196) nnz=588 rate=0.571429 i_max=50
[eval] methods=['round_robin']
[eval] SNR points=[2.5]
[eval] stop criteria: target_frame_errors=300 max_frames=10000
[eval] snr=2.50 dB
  - round_robin frames=   4955 FER=6.054490e-02 BER=4.350378e-03 avg_msgs=3590.42
[done] wrote CSV: RELDEC/notebook_runs/continuous_reldec/active_run/ab/results/eval_round_robin_snr2.5_primary_20260507_202336.csv
[done] wrote JSON: RELDEC/notebook_runs/continuous_reldec/active_run/ab/results/eval_round_robin_snr2.5_primary_20260507_202336.json
[eval] code=ab matrix=RELDEC/matrices/H_AB_3_7_196.csv
[eval] H shape=(84, 196) nnz=588 rate=0.571429 i_max=50
[eval] methods=['reldec']
[eval] SNR points=[2.5]
[eval] stop criteria: target_frame_errors=300 max_frames=10000
[eval] snr=2.50 dB
  - reldec      frames=   9540 FER=3.144654e-02 BER=2.361165e-03 avg_msgs=2084.01
[done] wrote CSV: RELDEC/notebook_runs/continuous_reldec/active_run/ab/results/eval_reldec_snr2.5_primary_20260507_202440.csv
[done] wrote JSON: RELDEC/notebook_runs/continuous_reldec/active_run/ab/results/eval_reldec_snr2.5_primary_20260507_202440.json
[eval] code=ab matrix=RELDEC/matrices/H_AB_3_7_196.csv
[eval] H shape=(84, 196) nnz=588 rate=0.571429 i_max=50
[eval] methods=['deep_reldec_z7']
[eval] SNR points=[2.5]
[eval] stop criteria: target_frame_errors=300 max_frames=10000
[eval] snr=2.50 dB
  - deep_reldec_z7 frames=   5691 FER=5.271481e-02 BER=3.852305e-03 avg_msgs=3369.61
[done] wrote CSV: RELDEC/notebook_runs/continuous_reldec/active_run/ab/results/eval_deep_reldec_z7_snr2.5_primary_20260507_203543.csv
[done] wrote JSON: RELDEC/notebook_runs/continuous_reldec/active_run/ab/results/eval_deep_reldec_z7_snr2.5_primary_20260507_203543.json
[eval] code=ab matrix=RELDEC/matrices/H_AB_3_7_196.csv
[eval] H shape=(84, 196) nnz=588 rate=0.571429 i_max=50
[eval] methods=['mi_naive_z7']
[eval] SNR points=[2.5]
[eval] stop criteria: target_frame_errors=300 max_frames=10000
[eval] snr=2.50 dB
  - mi_naive_z7 frames=   4947 FER=6.064281e-02 BER=4.461578e-03 avg_msgs=3767.50
[done] wrote CSV: RELDEC/notebook_runs/continuous_reldec/active_run/ab/results/eval_mi_naive_z7_snr2.5_primary_20260507_203842.csv
[done] wrote JSON: RELDEC/notebook_runs/continuous_reldec/active_run/ab/results/eval_mi_naive_z7_snr2.5_primary_20260507_203842.json
[eval] code=ab matrix=RELDEC/matrices/H_AB_3_7_196.csv
[eval] H shape=(84, 196) nnz=588 rate=0.571429 i_max=50
[eval] methods=['mi_tabular_z7']
[eval] SNR points=[2.5]
[eval] stop criteria: target_frame_errors=300 max_frames=10000
[eval] snr=2.50 dB
  - mi_tabular_z7 frames=   4749 FER=6.317119e-02 BER=4.531566e-03 avg_msgs=3884.71
[done] wrote CSV: RELDEC/notebook_runs/continuous_reldec/active_run/ab/results/eval_mi_tabular_z7_snr2.5_primary_20260507_204110.csv
[done] wrote JSON: RELDEC/notebook_runs/continuous_reldec/active_run/ab/results/eval_mi_tabular_z7_snr2.5_primary_20260507_204110.json
[eval] code=ab matrix=RELDEC/matrices/H_AB_3_7_196.csv
[eval] H shape=(84, 196) nnz=588 rate=0.571429 i_max=50
[eval] methods=['mi_dqn_z7']
[eval] SNR points=[2.5]
[eval] stop criteria: target_frame_errors=300 max_frames=10000
[eval] snr=2.50 dB
  - mi_dqn_z7   frames=   5345 FER=5.612722e-02 BER=3.975678e-03 avg_msgs=3620.52
[done] wrote CSV: RELDEC/notebook_runs/continuous_reldec/active_run/ab/results/eval_mi_dqn_z7_snr2.5_primary_20260507_204349.csv
[done] wrote JSON: RELDEC/notebook_runs/continuous_reldec/active_run/ab/results/eval_mi_dqn_z7_snr2.5_primary_20260507_204349.json
[eval] code=ab matrix=RELDEC/matrices/H_AB_3_7_196.csv
[eval] H shape=(84, 196) nnz=588 rate=0.571429 i_max=50
[eval] methods=['flooding']
[eval] SNR points=[1.0]
[eval] stop criteria: target_frame_errors=300 max_frames=10000
[eval] snr=1.00 dB
  - flooding    frames=    413 FER=7.263923e-01 BER=6.754954e-02 avg_msgs=22919.19
[done] wrote CSV: RELDEC/notebook_runs/continuous_reldec/active_run/ab/results/eval_flooding_snr1.0_secondary_20260507_204856.csv
[done] wrote JSON: RELDEC/notebook_runs/continuous_reldec/active_run/ab/results/eval_flooding_snr1.0_secondary_20260507_204856.json
[eval] code=ab matrix=RELDEC/matrices/H_AB_3_7_196.csv
[eval] H shape=(84, 196) nnz=588 rate=0.571429 i_max=50
[eval] methods=['random']
[eval] SNR points=[1.0]
[eval] stop criteria: target_frame_errors=300 max_frames=10000
[eval] snr=1.00 dB
  - random      frames=    404 FER=7.425743e-01 BER=7.001414e-02 avg_msgs=22869.42
[done] wrote CSV: RELDEC/notebook_runs/continuous_reldec/active_run/ab/results/eval_random_snr1.0_secondary_20260507_204901.csv
[done] wrote JSON: RELDEC/notebook_runs/continuous_reldec/active_run/ab/results/eval_random_snr1.0_secondary_20260507_204901.json
[eval] code=ab matrix=RELDEC/matrices/H_AB_3_7_196.csv
[eval] H shape=(84, 196) nnz=588 rate=0.571429 i_max=50
[eval] methods=['round_robin']
[eval] SNR points=[1.0]
[eval] stop criteria: target_frame_errors=300 max_frames=10000
[eval] snr=1.00 dB
  - round_robin frames=    418 FER=7.177033e-01 BER=6.753491e-02 avg_msgs=22106.27
[done] wrote CSV: RELDEC/notebook_runs/continuous_reldec/active_run/ab/results/eval_round_robin_snr1.0_secondary_20260507_204939.csv
[done] wrote JSON: RELDEC/notebook_runs/continuous_reldec/active_run/ab/results/eval_round_robin_snr1.0_secondary_20260507_204939.json
[eval] code=ab matrix=RELDEC/matrices/H_AB_3_7_196.csv
[eval] H shape=(84, 196) nnz=588 rate=0.571429 i_max=50
[eval] methods=['reldec']
[eval] SNR points=[1.0]
[eval] stop criteria: target_frame_errors=300 max_frames=10000
[eval] snr=1.00 dB
  - reldec      frames=    419 FER=7.159905e-01 BER=6.520627e-02 avg_msgs=21555.32
[done] wrote CSV: RELDEC/notebook_runs/continuous_reldec/active_run/ab/results/eval_reldec_snr1.0_secondary_20260507_205017.csv
[done] wrote JSON: RELDEC/notebook_runs/continuous_reldec/active_run/ab/results/eval_reldec_snr1.0_secondary_20260507_205017.json
[eval] code=ab matrix=RELDEC/matrices/H_AB_3_7_196.csv
[eval] H shape=(84, 196) nnz=588 rate=0.571429 i_max=50
[eval] methods=['deep_reldec_z7']
[eval] SNR points=[1.0]
[eval] stop criteria: target_frame_errors=300 max_frames=10000
[eval] snr=1.00 dB
  - deep_reldec_z7 frames=    417 FER=7.194245e-01 BER=6.773357e-02 avg_msgs=22124.03
[done] wrote CSV: RELDEC/notebook_runs/continuous_reldec/active_run/ab/results/eval_deep_reldec_z7_snr1.0_secondary_20260507_205544.csv
[done] wrote JSON: RELDEC/notebook_runs/continuous_reldec/active_run/ab/results/eval_deep_reldec_z7_snr1.0_secondary_20260507_205544.json
[eval] code=ab matrix=RELDEC/matrices/H_AB_3_7_196.csv
[eval] H shape=(84, 196) nnz=588 rate=0.571429 i_max=50
[eval] methods=['mi_naive_z7']
[eval] SNR points=[1.0]
[eval] stop criteria: target_frame_errors=300 max_frames=10000
[eval] snr=1.00 dB
  - mi_naive_z7 frames=    431 FER=6.960557e-01 BER=6.535584e-02 avg_msgs=21764.19
[done] wrote CSV: RELDEC/notebook_runs/continuous_reldec/active_run/ab/results/eval_mi_naive_z7_snr1.0_secondary_20260507_205712.csv
[done] wrote JSON: RELDEC/notebook_runs/continuous_reldec/active_run/ab/results/eval_mi_naive_z7_snr1.0_secondary_20260507_205712.json
[eval] code=ab matrix=RELDEC/matrices/H_AB_3_7_196.csv
[eval] H shape=(84, 196) nnz=588 rate=0.571429 i_max=50
[eval] methods=['mi_tabular_z7']
[eval] SNR points=[1.0]
[eval] stop criteria: target_frame_errors=300 max_frames=10000
[eval] snr=1.00 dB
  - mi_tabular_z7 frames=    422 FER=7.109005e-01 BER=6.720911e-02 avg_msgs=21990.09
[done] wrote CSV: RELDEC/notebook_runs/continuous_reldec/active_run/ab/results/eval_mi_tabular_z7_snr1.0_secondary_20260507_205822.csv
[done] wrote JSON: RELDEC/notebook_runs/continuous_reldec/active_run/ab/results/eval_mi_tabular_z7_snr1.0_secondary_20260507_205822.json
[eval] code=ab matrix=RELDEC/matrices/H_AB_3_7_196.csv
[eval] H shape=(84, 196) nnz=588 rate=0.571429 i_max=50
[eval] methods=['mi_dqn_z7']
[eval] SNR points=[1.0]
[eval] stop criteria: target_frame_errors=300 max_frames=10000
[eval] snr=1.00 dB
  - mi_dqn_z7   frames=    418 FER=7.177033e-01 BER=6.757153e-02 avg_msgs=22161.13
[done] wrote CSV: RELDEC/notebook_runs/continuous_reldec/active_run/ab/results/eval_mi_dqn_z7_snr1.0_secondary_20260507_205934.csv
[done] wrote JSON: RELDEC/notebook_runs/continuous_reldec/active_run/ab/results/eval_mi_dqn_z7_snr1.0_secondary_20260507_205934.json
[eval] code=ab matrix=RELDEC/matrices/H_AB_3_7_196.csv
[eval] H shape=(84, 196) nnz=588 rate=0.571429 i_max=50
[eval] methods=['flooding']
[eval] SNR points=[2.0]
[eval] stop criteria: target_frame_errors=300 max_frames=10000
[eval] snr=2.00 dB
  - flooding    frames=   1433 FER=2.093510e-01 BER=1.591139e-02 avg_msgs=9412.10
[done] wrote CSV: RELDEC/notebook_runs/continuous_reldec/active_run/ab/results/eval_flooding_snr2.0_secondary_20260507_210201.csv
[done] wrote JSON: RELDEC/notebook_runs/continuous_reldec/active_run/ab/results/eval_flooding_snr2.0_secondary_20260507_210201.json
[eval] code=ab matrix=RELDEC/matrices/H_AB_3_7_196.csv
[eval] H shape=(84, 196) nnz=588 rate=0.571429 i_max=50
[eval] methods=['random']
[eval] SNR points=[2.0]
[eval] stop criteria: target_frame_errors=300 max_frames=10000
[eval] snr=2.00 dB
  - random      frames=   1474 FER=2.035278e-01 BER=1.533381e-02 avg_msgs=8267.50
[done] wrote CSV: RELDEC/notebook_runs/continuous_reldec/active_run/ab/results/eval_random_snr2.0_secondary_20260507_210207.csv
[done] wrote JSON: RELDEC/notebook_runs/continuous_reldec/active_run/ab/results/eval_random_snr2.0_secondary_20260507_210207.json
[eval] code=ab matrix=RELDEC/matrices/H_AB_3_7_196.csv
[eval] H shape=(84, 196) nnz=588 rate=0.571429 i_max=50
[eval] methods=['round_robin']
[eval] SNR points=[2.0]
[eval] stop criteria: target_frame_errors=300 max_frames=10000
[eval] snr=2.00 dB
  - round_robin frames=   1524 FER=1.968504e-01 BER=1.502491e-02 avg_msgs=7778.65
[done] wrote CSV: RELDEC/notebook_runs/continuous_reldec/active_run/ab/results/eval_round_robin_snr2.0_secondary_20260507_210256.csv
[done] wrote JSON: RELDEC/notebook_runs/continuous_reldec/active_run/ab/results/eval_round_robin_snr2.0_secondary_20260507_210256.json
[eval] code=ab matrix=RELDEC/matrices/H_AB_3_7_196.csv
[eval] H shape=(84, 196) nnz=588 rate=0.571429 i_max=50
[eval] methods=['reldec']
[eval] SNR points=[2.0]
[eval] stop criteria: target_frame_errors=300 max_frames=10000
[eval] snr=2.00 dB
  - reldec      frames=   1966 FER=1.525941e-01 BER=1.250856e-02 avg_msgs=5778.31
[done] wrote CSV: RELDEC/notebook_runs/continuous_reldec/active_run/ab/results/eval_reldec_snr2.0_secondary_20260507_210344.csv
[done] wrote JSON: RELDEC/notebook_runs/continuous_reldec/active_run/ab/results/eval_reldec_snr2.0_secondary_20260507_210344.json
[eval] code=ab matrix=RELDEC/matrices/H_AB_3_7_196.csv
[eval] H shape=(84, 196) nnz=588 rate=0.571429 i_max=50
[eval] methods=['deep_reldec_z7']
[eval] SNR points=[2.0]
[eval] stop criteria: target_frame_errors=300 max_frames=10000
[eval] snr=2.00 dB
  - deep_reldec_z7 frames=   1660 FER=1.807229e-01 BER=1.407057e-02 avg_msgs=7421.91
[done] wrote CSV: RELDEC/notebook_runs/continuous_reldec/active_run/ab/results/eval_deep_reldec_z7_snr2.0_secondary_20260507_211028.csv
[done] wrote JSON: RELDEC/notebook_runs/continuous_reldec/active_run/ab/results/eval_deep_reldec_z7_snr2.0_secondary_20260507_211028.json
[eval] code=ab matrix=RELDEC/matrices/H_AB_3_7_196.csv
[eval] H shape=(84, 196) nnz=588 rate=0.571429 i_max=50
[eval] methods=['mi_naive_z7']
[eval] SNR points=[2.0]
[eval] stop criteria: target_frame_errors=300 max_frames=10000
[eval] snr=2.00 dB
  - mi_naive_z7 frames=   1507 FER=1.990710e-01 BER=1.541446e-02 avg_msgs=7931.95
[done] wrote CSV: RELDEC/notebook_runs/continuous_reldec/active_run/ab/results/eval_mi_naive_z7_snr2.0_secondary_20260507_211223.csv
[done] wrote JSON: RELDEC/notebook_runs/continuous_reldec/active_run/ab/results/eval_mi_naive_z7_snr2.0_secondary_20260507_211223.json
[eval] code=ab matrix=RELDEC/matrices/H_AB_3_7_196.csv
[eval] H shape=(84, 196) nnz=588 rate=0.571429 i_max=50
[eval] methods=['mi_tabular_z7']
[eval] SNR points=[2.0]
[eval] stop criteria: target_frame_errors=300 max_frames=10000
[eval] snr=2.00 dB
  - mi_tabular_z7 frames=   1551 FER=1.934236e-01 BER=1.496072e-02 avg_msgs=7927.20
[done] wrote CSV: RELDEC/notebook_runs/continuous_reldec/active_run/ab/results/eval_mi_tabular_z7_snr2.0_secondary_20260507_211352.csv
[done] wrote JSON: RELDEC/notebook_runs/continuous_reldec/active_run/ab/results/eval_mi_tabular_z7_snr2.0_secondary_20260507_211352.json
[eval] code=ab matrix=RELDEC/matrices/H_AB_3_7_196.csv
[eval] H shape=(84, 196) nnz=588 rate=0.571429 i_max=50
[eval] methods=['mi_dqn_z7']
[eval] SNR points=[2.0]
[eval] stop criteria: target_frame_errors=300 max_frames=10000
[eval] snr=2.00 dB
  - mi_dqn_z7   frames=   1408 FER=2.130682e-01 BER=1.687514e-02 avg_msgs=8211.12
[done] wrote CSV: RELDEC/notebook_runs/continuous_reldec/active_run/ab/results/eval_mi_dqn_z7_snr2.0_secondary_20260507_211528.csv
[done] wrote JSON: RELDEC/notebook_runs/continuous_reldec/active_run/ab/results/eval_mi_dqn_z7_snr2.0_secondary_20260507_211528.json
CMD: python3 RELDEC/evaluate_reldec.py --code ab --matrix-csv RELDEC/matrices/H_AB_3_7_196.csv --q-table RELDEC/notebook_runs/continuous_reldec/active_run/ab/checkpoints_reldec_tabular/q_table_final.npy  --methods flooding  --snr-db 0.5 --target-frame-errors 300 --max-frames 10000 --seed 17 --output-csv RELDEC/notebook_runs/continuous_reldec/active_run/ab/results/eval_flooding_snr0.5_primary_20260507_195328.csv
CMD: python3 RELDEC/evaluate_reldec.py --code ab --matrix-csv RELDEC/matrices/H_AB_3_7_196.csv --q-table RELDEC/notebook_runs/continuous_reldec/active_run/ab/checkpoints_reldec_tabular/q_table_final.npy  --methods random  --snr-db 0.5 --target-frame-errors 300 --max-frames 10000 --seed 17 --output-csv RELDEC/notebook_runs/continuous_reldec/active_run/ab/results/eval_random_snr0.5_primary_20260507_195332.csv
CMD: python3 RELDEC/evaluate_reldec.py --code ab --matrix-csv RELDEC/matrices/H_AB_3_7_196.csv --q-table RELDEC/notebook_runs/continuous_reldec/active_run/ab/checkpoints_reldec_tabular/q_table_final.npy  --methods round_robin  --snr-db 0.5 --target-frame-errors 300 --max-frames 10000 --seed 17 --output-csv RELDEC/notebook_runs/continuous_reldec/active_run/ab/results/eval_round_robin_snr0.5_primary_20260507_195405.csv
CMD: python3 RELDEC/evaluate_reldec.py --code ab --matrix-csv RELDEC/matrices/H_AB_3_7_196.csv --q-table RELDEC/notebook_runs/continuous_reldec/active_run/ab/checkpoints_reldec_tabular/q_table_final.npy  --methods reldec  --snr-db 0.5 --target-frame-errors 300 --max-frames 10000 --seed 17 --output-csv RELDEC/notebook_runs/continuous_reldec/active_run/ab/results/eval_reldec_snr0.5_primary_20260507_195438.csv
No checkpoint found for deep_reldec_z7, attempting short training to produce one: notebook_runs/continuous_reldec/active_run/ab/checkpoints/checkpoints_deep_z7_1k/checkpoint_latest.npz
CMD: python3 RELDEC/train_reldec.py --code ab --matrix-csv RELDEC/matrices/H_AB_3_7_196.csv --policy-type deep_z7 --device cpu --resume '' --checkpoint-dir notebook_runs/continuous_reldec/active_run/ab/checkpoints/checkpoints_deep_z7_1k --checkpoint-every-episodes 250 --log-every 100 --max-episodes 250
CMD: python3 RELDEC/evaluate_reldec.py --code ab --matrix-csv RELDEC/matrices/H_AB_3_7_196.csv --q-table RELDEC/notebook_runs/continuous_reldec/active_run/ab/checkpoints_reldec_tabular/q_table_final.npy  --methods deep_reldec_z7 --deep-checkpoint notebook_runs/continuous_reldec/active_run/ab/checkpoints/checkpoints_deep_z7_1k/checkpoint_latest.npz --snr-db 0.5 --target-frame-errors 300 --max-frames 10000 --seed 17 --output-csv RELDEC/notebook_runs/continuous_reldec/active_run/ab/results/eval_deep_reldec_z7_snr0.5_primary_20260507_195946.csv
CMD: python3 RELDEC/evaluate_reldec.py --code ab --matrix-csv RELDEC/matrices/H_AB_3_7_196.csv --q-table RELDEC/notebook_runs/continuous_reldec/active_run/ab/checkpoints_reldec_tabular/q_table_final.npy  --methods mi_naive_z7  --snr-db 0.5 --target-frame-errors 300 --max-frames 10000 --seed 17 --output-csv RELDEC/notebook_runs/continuous_reldec/active_run/ab/results/eval_mi_naive_z7_snr0.5_primary_20260507_200140.csv
No checkpoint found for mi_tabular_z7, attempting short training to produce one: notebook_runs/continuous_reldec/active_run/ab/checkpoints/checkpoints_mi_tabular_z7_1k/checkpoint_latest.npz
CMD: python3 RELDEC/train_reldec.py --code ab --matrix-csv RELDEC/matrices/H_AB_3_7_196.csv --policy-type mi_tabular_z7 --device cpu --resume '' --checkpoint-dir notebook_runs/continuous_reldec/active_run/ab/checkpoints/checkpoints_mi_tabular_z7_1k --checkpoint-every-episodes 250 --log-every 100 --max-episodes 250
CMD: python3 RELDEC/evaluate_reldec.py --code ab --matrix-csv RELDEC/matrices/H_AB_3_7_196.csv --q-table RELDEC/notebook_runs/continuous_reldec/active_run/ab/checkpoints_reldec_tabular/q_table_final.npy --mi-tabular-q-table notebook_runs/continuous_reldec/active_run/ab/checkpoints/checkpoints_mi_tabular_z7_1k/q_table_final.npy --methods mi_tabular_z7  --snr-db 0.5 --target-frame-errors 300 --max-frames 10000 --seed 17 --output-csv RELDEC/notebook_runs/continuous_reldec/active_run/ab/results/eval_mi_tabular_z7_snr0.5_primary_20260507_200240.csv
No checkpoint found for mi_dqn_z7, attempting short training to produce one: notebook_runs/continuous_reldec/active_run/ab/checkpoints/checkpoints_mi_dqn_z7_1k/checkpoint_latest.npz
CMD: python3 RELDEC/train_reldec.py --code ab --matrix-csv RELDEC/matrices/H_AB_3_7_196.csv --policy-type mi_dqn_z7 --device cpu --resume '' --checkpoint-dir notebook_runs/continuous_reldec/active_run/ab/checkpoints/checkpoints_mi_dqn_z7_1k --checkpoint-every-episodes 250 --log-every 100 --max-episodes 250
CMD: python3 RELDEC/evaluate_reldec.py --code ab --matrix-csv RELDEC/matrices/H_AB_3_7_196.csv --q-table RELDEC/notebook_runs/continuous_reldec/active_run/ab/checkpoints_reldec_tabular/q_table_final.npy  --methods mi_dqn_z7 --deep-checkpoint notebook_runs/continuous_reldec/active_run/ab/checkpoints/checkpoints_mi_dqn_z7_1k/checkpoint_latest.npz --snr-db 0.5 --target-frame-errors 300 --max-frames 10000 --seed 17 --output-csv RELDEC/notebook_runs/continuous_reldec/active_run/ab/results/eval_mi_dqn_z7_snr0.5_primary_20260507_200415.csv
CMD: python3 RELDEC/evaluate_reldec.py --code ab --matrix-csv RELDEC/matrices/H_AB_3_7_196.csv --q-table RELDEC/notebook_runs/continuous_reldec/active_run/ab/checkpoints_reldec_tabular/q_table_final.npy  --methods flooding  --snr-db 1.5 --target-frame-errors 300 --max-frames 10000 --seed 17 --output-csv RELDEC/notebook_runs/continuous_reldec/active_run/ab/results/eval_flooding_snr1.5_primary_20260507_200851.csv
CMD: python3 RELDEC/evaluate_reldec.py --code ab --matrix-csv RELDEC/matrices/H_AB_3_7_196.csv --q-table RELDEC/notebook_runs/continuous_reldec/active_run/ab/checkpoints_reldec_tabular/q_table_final.npy  --methods random  --snr-db 1.5 --target-frame-errors 300 --max-frames 10000 --seed 17 --output-csv RELDEC/notebook_runs/continuous_reldec/active_run/ab/results/eval_random_snr1.5_primary_20260507_200855.csv
CMD: python3 RELDEC/evaluate_reldec.py --code ab --matrix-csv RELDEC/matrices/H_AB_3_7_196.csv --q-table RELDEC/notebook_runs/continuous_reldec/active_run/ab/checkpoints_reldec_tabular/q_table_final.npy  --methods round_robin  --snr-db 1.5 --target-frame-errors 300 --max-frames 10000 --seed 17 --output-csv RELDEC/notebook_runs/continuous_reldec/active_run/ab/results/eval_round_robin_snr1.5_primary_20260507_200933.csv
CMD: python3 RELDEC/evaluate_reldec.py --code ab --matrix-csv RELDEC/matrices/H_AB_3_7_196.csv --q-table RELDEC/notebook_runs/continuous_reldec/active_run/ab/checkpoints_reldec_tabular/q_table_final.npy  --methods reldec  --snr-db 1.5 --target-frame-errors 300 --max-frames 10000 --seed 17 --output-csv RELDEC/notebook_runs/continuous_reldec/active_run/ab/results/eval_reldec_snr1.5_primary_20260507_201009.csv
Found checkpoint for deep_reldec_z7: notebook_runs/continuous_reldec/active_run/ab/checkpoints/checkpoints_deep_z7_1k/checkpoint_latest.npz
CMD: python3 RELDEC/evaluate_reldec.py --code ab --matrix-csv RELDEC/matrices/H_AB_3_7_196.csv --q-table RELDEC/notebook_runs/continuous_reldec/active_run/ab/checkpoints_reldec_tabular/q_table_final.npy  --methods deep_reldec_z7 --deep-checkpoint notebook_runs/continuous_reldec/active_run/ab/checkpoints/checkpoints_deep_z7_1k/checkpoint_latest.npz --snr-db 1.5 --target-frame-errors 300 --max-frames 10000 --seed 17 --output-csv RELDEC/notebook_runs/continuous_reldec/active_run/ab/results/eval_deep_reldec_z7_snr1.5_primary_20260507_201556.csv
CMD: python3 RELDEC/evaluate_reldec.py --code ab --matrix-csv RELDEC/matrices/H_AB_3_7_196.csv --q-table RELDEC/notebook_runs/continuous_reldec/active_run/ab/checkpoints_reldec_tabular/q_table_final.npy  --methods mi_naive_z7  --snr-db 1.5 --target-frame-errors 300 --max-frames 10000 --seed 17 --output-csv RELDEC/notebook_runs/continuous_reldec/active_run/ab/results/eval_mi_naive_z7_snr1.5_primary_20260507_201723.csv
Found checkpoint for mi_tabular_z7: notebook_runs/continuous_reldec/active_run/ab/checkpoints/checkpoints_mi_tabular_z7_1k/checkpoint_latest.npz
CMD: python3 RELDEC/evaluate_reldec.py --code ab --matrix-csv RELDEC/matrices/H_AB_3_7_196.csv --q-table RELDEC/notebook_runs/continuous_reldec/active_run/ab/checkpoints_reldec_tabular/q_table_final.npy --mi-tabular-q-table notebook_runs/continuous_reldec/active_run/ab/checkpoints/checkpoints_mi_tabular_z7_1k/q_table_final.npy --methods mi_tabular_z7  --snr-db 1.5 --target-frame-errors 300 --max-frames 10000 --seed 17 --output-csv RELDEC/notebook_runs/continuous_reldec/active_run/ab/results/eval_mi_tabular_z7_snr1.5_primary_20260507_201837.csv
Found checkpoint for mi_dqn_z7: notebook_runs/continuous_reldec/active_run/ab/checkpoints/checkpoints_mi_dqn_z7_1k/checkpoint_latest.npz
CMD: python3 RELDEC/evaluate_reldec.py --code ab --matrix-csv RELDEC/matrices/H_AB_3_7_196.csv --q-table RELDEC/notebook_runs/continuous_reldec/active_run/ab/checkpoints_reldec_tabular/q_table_final.npy  --methods mi_dqn_z7 --deep-checkpoint notebook_runs/continuous_reldec/active_run/ab/checkpoints/checkpoints_mi_dqn_z7_1k/checkpoint_latest.npz --snr-db 1.5 --target-frame-errors 300 --max-frames 10000 --seed 17 --output-csv RELDEC/notebook_runs/continuous_reldec/active_run/ab/results/eval_mi_dqn_z7_snr1.5_primary_20260507_201951.csv
CMD: python3 RELDEC/evaluate_reldec.py --code ab --matrix-csv RELDEC/matrices/H_AB_3_7_196.csv --q-table RELDEC/notebook_runs/continuous_reldec/active_run/ab/checkpoints_reldec_tabular/q_table_final.npy  --methods flooding  --snr-db 2.5 --target-frame-errors 300 --max-frames 10000 --seed 17 --output-csv RELDEC/notebook_runs/continuous_reldec/active_run/ab/results/eval_flooding_snr2.5_primary_20260507_202217.csv
CMD: python3 RELDEC/evaluate_reldec.py --code ab --matrix-csv RELDEC/matrices/H_AB_3_7_196.csv --q-table RELDEC/notebook_runs/continuous_reldec/active_run/ab/checkpoints_reldec_tabular/q_table_final.npy  --methods random  --snr-db 2.5 --target-frame-errors 300 --max-frames 10000 --seed 17 --output-csv RELDEC/notebook_runs/continuous_reldec/active_run/ab/results/eval_random_snr2.5_primary_20260507_202222.csv
CMD: python3 RELDEC/evaluate_reldec.py --code ab --matrix-csv RELDEC/matrices/H_AB_3_7_196.csv --q-table RELDEC/notebook_runs/continuous_reldec/active_run/ab/checkpoints_reldec_tabular/q_table_final.npy  --methods round_robin  --snr-db 2.5 --target-frame-errors 300 --max-frames 10000 --seed 17 --output-csv RELDEC/notebook_runs/continuous_reldec/active_run/ab/results/eval_round_robin_snr2.5_primary_20260507_202336.csv
CMD: python3 RELDEC/evaluate_reldec.py --code ab --matrix-csv RELDEC/matrices/H_AB_3_7_196.csv --q-table RELDEC/notebook_runs/continuous_reldec/active_run/ab/checkpoints_reldec_tabular/q_table_final.npy  --methods reldec  --snr-db 2.5 --target-frame-errors 300 --max-frames 10000 --seed 17 --output-csv RELDEC/notebook_runs/continuous_reldec/active_run/ab/results/eval_reldec_snr2.5_primary_20260507_202440.csv
Found checkpoint for deep_reldec_z7: notebook_runs/continuous_reldec/active_run/ab/checkpoints/checkpoints_deep_z7_1k/checkpoint_latest.npz
CMD: python3 RELDEC/evaluate_reldec.py --code ab --matrix-csv RELDEC/matrices/H_AB_3_7_196.csv --q-table RELDEC/notebook_runs/continuous_reldec/active_run/ab/checkpoints_reldec_tabular/q_table_final.npy  --methods deep_reldec_z7 --deep-checkpoint notebook_runs/continuous_reldec/active_run/ab/checkpoints/checkpoints_deep_z7_1k/checkpoint_latest.npz --snr-db 2.5 --target-frame-errors 300 --max-frames 10000 --seed 17 --output-csv RELDEC/notebook_runs/continuous_reldec/active_run/ab/results/eval_deep_reldec_z7_snr2.5_primary_20260507_203543.csv
CMD: python3 RELDEC/evaluate_reldec.py --code ab --matrix-csv RELDEC/matrices/H_AB_3_7_196.csv --q-table RELDEC/notebook_runs/continuous_reldec/active_run/ab/checkpoints_reldec_tabular/q_table_final.npy  --methods mi_naive_z7  --snr-db 2.5 --target-frame-errors 300 --max-frames 10000 --seed 17 --output-csv RELDEC/notebook_runs/continuous_reldec/active_run/ab/results/eval_mi_naive_z7_snr2.5_primary_20260507_203842.csv
Found checkpoint for mi_tabular_z7: notebook_runs/continuous_reldec/active_run/ab/checkpoints/checkpoints_mi_tabular_z7_1k/checkpoint_latest.npz
CMD: python3 RELDEC/evaluate_reldec.py --code ab --matrix-csv RELDEC/matrices/H_AB_3_7_196.csv --q-table RELDEC/notebook_runs/continuous_reldec/active_run/ab/checkpoints_reldec_tabular/q_table_final.npy --mi-tabular-q-table notebook_runs/continuous_reldec/active_run/ab/checkpoints/checkpoints_mi_tabular_z7_1k/q_table_final.npy --methods mi_tabular_z7  --snr-db 2.5 --target-frame-errors 300 --max-frames 10000 --seed 17 --output-csv RELDEC/notebook_runs/continuous_reldec/active_run/ab/results/eval_mi_tabular_z7_snr2.5_primary_20260507_204110.csv
Found checkpoint for mi_dqn_z7: notebook_runs/continuous_reldec/active_run/ab/checkpoints/checkpoints_mi_dqn_z7_1k/checkpoint_latest.npz
CMD: python3 RELDEC/evaluate_reldec.py --code ab --matrix-csv RELDEC/matrices/H_AB_3_7_196.csv --q-table RELDEC/notebook_runs/continuous_reldec/active_run/ab/checkpoints_reldec_tabular/q_table_final.npy  --methods mi_dqn_z7 --deep-checkpoint notebook_runs/continuous_reldec/active_run/ab/checkpoints/checkpoints_mi_dqn_z7_1k/checkpoint_latest.npz --snr-db 2.5 --target-frame-errors 300 --max-frames 10000 --seed 17 --output-csv RELDEC/notebook_runs/continuous_reldec/active_run/ab/results/eval_mi_dqn_z7_snr2.5_primary_20260507_204349.csv
CMD: python3 RELDEC/evaluate_reldec.py --code ab --matrix-csv RELDEC/matrices/H_AB_3_7_196.csv --q-table RELDEC/notebook_runs/continuous_reldec/active_run/ab/checkpoints_reldec_tabular/q_table_final.npy  --methods flooding  --snr-db 1.0 --target-frame-errors 300 --max-frames 10000 --seed 17 --output-csv RELDEC/notebook_runs/continuous_reldec/active_run/ab/results/eval_flooding_snr1.0_secondary_20260507_204856.csv
CMD: python3 RELDEC/evaluate_reldec.py --code ab --matrix-csv RELDEC/matrices/H_AB_3_7_196.csv --q-table RELDEC/notebook_runs/continuous_reldec/active_run/ab/checkpoints_reldec_tabular/q_table_final.npy  --methods random  --snr-db 1.0 --target-frame-errors 300 --max-frames 10000 --seed 17 --output-csv RELDEC/notebook_runs/continuous_reldec/active_run/ab/results/eval_random_snr1.0_secondary_20260507_204901.csv
CMD: python3 RELDEC/evaluate_reldec.py --code ab --matrix-csv RELDEC/matrices/H_AB_3_7_196.csv --q-table RELDEC/notebook_runs/continuous_reldec/active_run/ab/checkpoints_reldec_tabular/q_table_final.npy  --methods round_robin  --snr-db 1.0 --target-frame-errors 300 --max-frames 10000 --seed 17 --output-csv RELDEC/notebook_runs/continuous_reldec/active_run/ab/results/eval_round_robin_snr1.0_secondary_20260507_204939.csv
CMD: python3 RELDEC/evaluate_reldec.py --code ab --matrix-csv RELDEC/matrices/H_AB_3_7_196.csv --q-table RELDEC/notebook_runs/continuous_reldec/active_run/ab/checkpoints_reldec_tabular/q_table_final.npy  --methods reldec  --snr-db 1.0 --target-frame-errors 300 --max-frames 10000 --seed 17 --output-csv RELDEC/notebook_runs/continuous_reldec/active_run/ab/results/eval_reldec_snr1.0_secondary_20260507_205017.csv
Found checkpoint for deep_reldec_z7: notebook_runs/continuous_reldec/active_run/ab/checkpoints/checkpoints_deep_z7_1k/checkpoint_latest.npz
CMD: python3 RELDEC/evaluate_reldec.py --code ab --matrix-csv RELDEC/matrices/H_AB_3_7_196.csv --q-table RELDEC/notebook_runs/continuous_reldec/active_run/ab/checkpoints_reldec_tabular/q_table_final.npy  --methods deep_reldec_z7 --deep-checkpoint notebook_runs/continuous_reldec/active_run/ab/checkpoints/checkpoints_deep_z7_1k/checkpoint_latest.npz --snr-db 1.0 --target-frame-errors 300 --max-frames 10000 --seed 17 --output-csv RELDEC/notebook_runs/continuous_reldec/active_run/ab/results/eval_deep_reldec_z7_snr1.0_secondary_20260507_205544.csv
CMD: python3 RELDEC/evaluate_reldec.py --code ab --matrix-csv RELDEC/matrices/H_AB_3_7_196.csv --q-table RELDEC/notebook_runs/continuous_reldec/active_run/ab/checkpoints_reldec_tabular/q_table_final.npy  --methods mi_naive_z7  --snr-db 1.0 --target-frame-errors 300 --max-frames 10000 --seed 17 --output-csv RELDEC/notebook_runs/continuous_reldec/active_run/ab/results/eval_mi_naive_z7_snr1.0_secondary_20260507_205712.csv
Found checkpoint for mi_tabular_z7: notebook_runs/continuous_reldec/active_run/ab/checkpoints/checkpoints_mi_tabular_z7_1k/checkpoint_latest.npz
CMD: python3 RELDEC/evaluate_reldec.py --code ab --matrix-csv RELDEC/matrices/H_AB_3_7_196.csv --q-table RELDEC/notebook_runs/continuous_reldec/active_run/ab/checkpoints_reldec_tabular/q_table_final.npy --mi-tabular-q-table notebook_runs/continuous_reldec/active_run/ab/checkpoints/checkpoints_mi_tabular_z7_1k/q_table_final.npy --methods mi_tabular_z7  --snr-db 1.0 --target-frame-errors 300 --max-frames 10000 --seed 17 --output-csv RELDEC/notebook_runs/continuous_reldec/active_run/ab/results/eval_mi_tabular_z7_snr1.0_secondary_20260507_205822.csv
Found checkpoint for mi_dqn_z7: notebook_runs/continuous_reldec/active_run/ab/checkpoints/checkpoints_mi_dqn_z7_1k/checkpoint_latest.npz
CMD: python3 RELDEC/evaluate_reldec.py --code ab --matrix-csv RELDEC/matrices/H_AB_3_7_196.csv --q-table RELDEC/notebook_runs/continuous_reldec/active_run/ab/checkpoints_reldec_tabular/q_table_final.npy  --methods mi_dqn_z7 --deep-checkpoint notebook_runs/continuous_reldec/active_run/ab/checkpoints/checkpoints_mi_dqn_z7_1k/checkpoint_latest.npz --snr-db 1.0 --target-frame-errors 300 --max-frames 10000 --seed 17 --output-csv RELDEC/notebook_runs/continuous_reldec/active_run/ab/results/eval_mi_dqn_z7_snr1.0_secondary_20260507_205934.csv
CMD: python3 RELDEC/evaluate_reldec.py --code ab --matrix-csv RELDEC/matrices/H_AB_3_7_196.csv --q-table RELDEC/notebook_runs/continuous_reldec/active_run/ab/checkpoints_reldec_tabular/q_table_final.npy  --methods flooding  --snr-db 2.0 --target-frame-errors 300 --max-frames 10000 --seed 17 --output-csv RELDEC/notebook_runs/continuous_reldec/active_run/ab/results/eval_flooding_snr2.0_secondary_20260507_210201.csv
CMD: python3 RELDEC/evaluate_reldec.py --code ab --matrix-csv RELDEC/matrices/H_AB_3_7_196.csv --q-table RELDEC/notebook_runs/continuous_reldec/active_run/ab/checkpoints_reldec_tabular/q_table_final.npy  --methods random  --snr-db 2.0 --target-frame-errors 300 --max-frames 10000 --seed 17 --output-csv RELDEC/notebook_runs/continuous_reldec/active_run/ab/results/eval_random_snr2.0_secondary_20260507_210207.csv
CMD: python3 RELDEC/evaluate_reldec.py --code ab --matrix-csv RELDEC/matrices/H_AB_3_7_196.csv --q-table RELDEC/notebook_runs/continuous_reldec/active_run/ab/checkpoints_reldec_tabular/q_table_final.npy  --methods round_robin  --snr-db 2.0 --target-frame-errors 300 --max-frames 10000 --seed 17 --output-csv RELDEC/notebook_runs/continuous_reldec/active_run/ab/results/eval_round_robin_snr2.0_secondary_20260507_210256.csv
CMD: python3 RELDEC/evaluate_reldec.py --code ab --matrix-csv RELDEC/matrices/H_AB_3_7_196.csv --q-table RELDEC/notebook_runs/continuous_reldec/active_run/ab/checkpoints_reldec_tabular/q_table_final.npy  --methods reldec  --snr-db 2.0 --target-frame-errors 300 --max-frames 10000 --seed 17 --output-csv RELDEC/notebook_runs/continuous_reldec/active_run/ab/results/eval_reldec_snr2.0_secondary_20260507_210344.csv
Found checkpoint for deep_reldec_z7: notebook_runs/continuous_reldec/active_run/ab/checkpoints/checkpoints_deep_z7_1k/checkpoint_latest.npz
CMD: python3 RELDEC/evaluate_reldec.py --code ab --matrix-csv RELDEC/matrices/H_AB_3_7_196.csv --q-table RELDEC/notebook_runs/continuous_reldec/active_run/ab/checkpoints_reldec_tabular/q_table_final.npy  --methods deep_reldec_z7 --deep-checkpoint notebook_runs/continuous_reldec/active_run/ab/checkpoints/checkpoints_deep_z7_1k/checkpoint_latest.npz --snr-db 2.0 --target-frame-errors 300 --max-frames 10000 --seed 17 --output-csv RELDEC/notebook_runs/continuous_reldec/active_run/ab/results/eval_deep_reldec_z7_snr2.0_secondary_20260507_211028.csv
CMD: python3 RELDEC/evaluate_reldec.py --code ab --matrix-csv RELDEC/matrices/H_AB_3_7_196.csv --q-table RELDEC/notebook_runs/continuous_reldec/active_run/ab/checkpoints_reldec_tabular/q_table_final.npy  --methods mi_naive_z7  --snr-db 2.0 --target-frame-errors 300 --max-frames 10000 --seed 17 --output-csv RELDEC/notebook_runs/continuous_reldec/active_run/ab/results/eval_mi_naive_z7_snr2.0_secondary_20260507_211223.csv
Found checkpoint for mi_tabular_z7: notebook_runs/continuous_reldec/active_run/ab/checkpoints/checkpoints_mi_tabular_z7_1k/checkpoint_latest.npz
CMD: python3 RELDEC/evaluate_reldec.py --code ab --matrix-csv RELDEC/matrices/H_AB_3_7_196.csv --q-table RELDEC/notebook_runs/continuous_reldec/active_run/ab/checkpoints_reldec_tabular/q_table_final.npy --mi-tabular-q-table notebook_runs/continuous_reldec/active_run/ab/checkpoints/checkpoints_mi_tabular_z7_1k/q_table_final.npy --methods mi_tabular_z7  --snr-db 2.0 --target-frame-errors 300 --max-frames 10000 --seed 17 --output-csv RELDEC/notebook_runs/continuous_reldec/active_run/ab/results/eval_mi_tabular_z7_snr2.0_secondary_20260507_211352.csv
Found checkpoint for mi_dqn_z7: notebook_runs/continuous_reldec/active_run/ab/checkpoints/checkpoints_mi_dqn_z7_1k/checkpoint_latest.npz
CMD: python3 RELDEC/evaluate_reldec.py --code ab --matrix-csv RELDEC/matrices/H_AB_3_7_196.csv --q-table RELDEC/notebook_runs/continuous_reldec/active_run/ab/checkpoints_reldec_tabular/q_table_final.npy  --methods mi_dqn_z7 --deep-checkpoint notebook_runs/continuous_reldec/active_run/ab/checkpoints/checkpoints_mi_dqn_z7_1k/checkpoint_latest.npz --snr-db 2.0 --target-frame-errors 300 --max-frames 10000 --seed 17 --output-csv RELDEC/notebook_runs/continuous_reldec/active_run/ab/results/eval_mi_dqn_z7_snr2.0_secondary_20260507_211528.csv
CMD: python3 - <<'PY'

from pathlib import Path
import pandas as pd
rd=Path('RELDEC/notebook_runs/continuous_reldec/active_run/ab/results')
acc=rd/'accumulated_results.csv'
frames=[]
if acc.exists():
    frames.append(pd.read_csv(acc))
for p in sorted(rd.glob('eval_*.csv')):
    frames.append(pd.read_csv(p))
if frames:
    df=pd.concat(frames,ignore_index=True)
    key_cols=['method','snr_db','code','matrix_csv','target_frame_errors','max_frames','all_zero_only']
    df=df.drop_duplicates(subset=key_cols,keep='last')
    df=df.sort_values(['snr_db','method']).reset_index(drop=True)
    df.to_csv(acc,index=False)
    print('wrote', acc)

PY
