==========================================
SLURM_JOB_ID = 2620296
SLURM_NODELIST = gnode035
SLURM_JOB_GPUS = 0
==========================================
[eval] code=ab matrix=RELDEC/matrices/H_Mackay_96_48.csv
[eval] H shape=(48, 96) nnz=288 rate=0.500000 i_max=50
[eval] methods=['flooding']
[eval] SNR points=[0.5]
[eval] stop criteria: target_frame_errors=300 max_frames=10000
[eval] snr=0.50 dB
  - flooding    frames=    400 FER=7.500000e-01 BER=9.992187e-02 avg_msgs=11447.28
[done] wrote CSV: RELDEC/notebook_runs/continuous_reldec/active_run/mackay/results/eval_flooding_snr0.5_primary_20260507_191246.csv
[done] wrote JSON: RELDEC/notebook_runs/continuous_reldec/active_run/mackay/results/eval_flooding_snr0.5_primary_20260507_191246.json
[eval] code=ab matrix=RELDEC/matrices/H_Mackay_96_48.csv
[eval] H shape=(48, 96) nnz=288 rate=0.500000 i_max=50
[eval] methods=['round_robin']
[eval] SNR points=[0.5]
[eval] stop criteria: target_frame_errors=300 max_frames=10000
[eval] snr=0.50 dB
  - round_robin frames=    400 FER=7.500000e-01 BER=9.960938e-02 avg_msgs=11152.80
[done] wrote CSV: RELDEC/notebook_runs/continuous_reldec/active_run/mackay/results/eval_round_robin_snr0.5_primary_20260507_191250.csv
[done] wrote JSON: RELDEC/notebook_runs/continuous_reldec/active_run/mackay/results/eval_round_robin_snr0.5_primary_20260507_191250.json
[eval] code=ab matrix=RELDEC/matrices/H_Mackay_96_48.csv
[eval] H shape=(48, 96) nnz=288 rate=0.500000 i_max=50
[eval] methods=['reldec']
[eval] SNR points=[0.5]
[eval] stop criteria: target_frame_errors=300 max_frames=10000
[eval] snr=0.50 dB
  - reldec      frames=    418 FER=7.177033e-01 BER=9.579346e-02 avg_msgs=10453.44
[done] wrote CSV: RELDEC/notebook_runs/continuous_reldec/active_run/mackay/results/eval_reldec_snr0.5_primary_20260507_191304.csv
[done] wrote JSON: RELDEC/notebook_runs/continuous_reldec/active_run/mackay/results/eval_reldec_snr0.5_primary_20260507_191304.json
[eval] code=ab matrix=RELDEC/matrices/H_Mackay_96_48.csv
[eval] H shape=(48, 96) nnz=288 rate=0.500000 i_max=50
[eval] methods=['mi_naive_z2']
[eval] SNR points=[0.5]
[eval] stop criteria: target_frame_errors=300 max_frames=10000
[eval] snr=0.50 dB
  - mi_naive_z2 frames=    393 FER=7.633588e-01 BER=1.004029e-01 avg_msgs=11245.92
[done] wrote CSV: RELDEC/notebook_runs/continuous_reldec/active_run/mackay/results/eval_mi_naive_z2_snr0.5_primary_20260507_191436.csv
[done] wrote JSON: RELDEC/notebook_runs/continuous_reldec/active_run/mackay/results/eval_mi_naive_z2_snr0.5_primary_20260507_191436.json
[eval] code=ab matrix=RELDEC/matrices/H_Mackay_96_48.csv
[eval] H shape=(48, 96) nnz=288 rate=0.500000 i_max=50
[eval] methods=['flooding']
[eval] SNR points=[1.5]
[eval] stop criteria: target_frame_errors=300 max_frames=10000
[eval] snr=1.50 dB
  - flooding    frames=    794 FER=3.778338e-01 BER=4.444794e-02 avg_msgs=6578.30
[done] wrote CSV: RELDEC/notebook_runs/continuous_reldec/active_run/mackay/results/eval_flooding_snr1.5_primary_20260507_191800.csv
[done] wrote JSON: RELDEC/notebook_runs/continuous_reldec/active_run/mackay/results/eval_flooding_snr1.5_primary_20260507_191800.json
[eval] code=ab matrix=RELDEC/matrices/H_Mackay_96_48.csv
[eval] H shape=(48, 96) nnz=288 rate=0.500000 i_max=50
[eval] methods=['round_robin']
[eval] SNR points=[1.5]
[eval] stop criteria: target_frame_errors=300 max_frames=10000
[eval] snr=1.50 dB
  - round_robin frames=    806 FER=3.722084e-01 BER=4.355356e-02 avg_msgs=6016.91
[done] wrote CSV: RELDEC/notebook_runs/continuous_reldec/active_run/mackay/results/eval_round_robin_snr1.5_primary_20260507_191804.csv
[done] wrote JSON: RELDEC/notebook_runs/continuous_reldec/active_run/mackay/results/eval_round_robin_snr1.5_primary_20260507_191804.json
[eval] code=ab matrix=RELDEC/matrices/H_Mackay_96_48.csv
[eval] H shape=(48, 96) nnz=288 rate=0.500000 i_max=50
[eval] methods=['reldec']
[eval] SNR points=[1.5]
[eval] stop criteria: target_frame_errors=300 max_frames=10000
[eval] snr=1.50 dB
  - reldec      frames=    912 FER=3.289474e-01 BER=3.957648e-02 avg_msgs=5122.11
[done] wrote CSV: RELDEC/notebook_runs/continuous_reldec/active_run/mackay/results/eval_reldec_snr1.5_primary_20260507_191819.csv
[done] wrote JSON: RELDEC/notebook_runs/continuous_reldec/active_run/mackay/results/eval_reldec_snr1.5_primary_20260507_191819.json
[eval] code=ab matrix=RELDEC/matrices/H_Mackay_96_48.csv
[eval] H shape=(48, 96) nnz=288 rate=0.500000 i_max=50
[eval] methods=['mi_naive_z2']
[eval] SNR points=[1.5]
[eval] stop criteria: target_frame_errors=300 max_frames=10000
[eval] snr=1.50 dB
  - mi_naive_z2 frames=    788 FER=3.807107e-01 BER=4.412542e-02 avg_msgs=6133.52
[done] wrote CSV: RELDEC/notebook_runs/continuous_reldec/active_run/mackay/results/eval_mi_naive_z2_snr1.5_primary_20260507_191956.csv
[done] wrote JSON: RELDEC/notebook_runs/continuous_reldec/active_run/mackay/results/eval_mi_naive_z2_snr1.5_primary_20260507_191956.json
[eval] code=ab matrix=RELDEC/matrices/H_Mackay_96_48.csv
[eval] H shape=(48, 96) nnz=288 rate=0.500000 i_max=50
[eval] methods=['flooding']
[eval] SNR points=[2.5]
[eval] stop criteria: target_frame_errors=300 max_frames=10000
[eval] snr=2.50 dB
  - flooding    frames=   2850 FER=1.052632e-01 BER=1.089181e-02 avg_msgs=2557.84
[done] wrote CSV: RELDEC/notebook_runs/continuous_reldec/active_run/mackay/results/eval_flooding_snr2.5_primary_20260507_192320.csv
[done] wrote JSON: RELDEC/notebook_runs/continuous_reldec/active_run/mackay/results/eval_flooding_snr2.5_primary_20260507_192320.json
[eval] code=ab matrix=RELDEC/matrices/H_Mackay_96_48.csv
[eval] H shape=(48, 96) nnz=288 rate=0.500000 i_max=50
[eval] methods=['round_robin']
[eval] SNR points=[2.5]
[eval] stop criteria: target_frame_errors=300 max_frames=10000
[eval] snr=2.50 dB
  - round_robin frames=   3204 FER=9.363296e-02 BER=9.899735e-03 avg_msgs=1982.38
[done] wrote CSV: RELDEC/notebook_runs/continuous_reldec/active_run/mackay/results/eval_round_robin_snr2.5_primary_20260507_192325.csv
[done] wrote JSON: RELDEC/notebook_runs/continuous_reldec/active_run/mackay/results/eval_round_robin_snr2.5_primary_20260507_192325.json
[eval] code=ab matrix=RELDEC/matrices/H_Mackay_96_48.csv
[eval] H shape=(48, 96) nnz=288 rate=0.500000 i_max=50
[eval] methods=['reldec']
[eval] SNR points=[2.5]
[eval] stop criteria: target_frame_errors=300 max_frames=10000
[eval] snr=2.50 dB
  - reldec      frames=   5379 FER=5.577245e-02 BER=6.224050e-03 avg_msgs=1248.48
[done] wrote CSV: RELDEC/notebook_runs/continuous_reldec/active_run/mackay/results/eval_reldec_snr2.5_primary_20260507_192344.csv
[done] wrote JSON: RELDEC/notebook_runs/continuous_reldec/active_run/mackay/results/eval_reldec_snr2.5_primary_20260507_192344.json
[eval] code=ab matrix=RELDEC/matrices/H_Mackay_96_48.csv
[eval] H shape=(48, 96) nnz=288 rate=0.500000 i_max=50
[eval] methods=['mi_naive_z2']
[eval] SNR points=[2.5]
[eval] stop criteria: target_frame_errors=300 max_frames=10000
[eval] snr=2.50 dB
  - mi_naive_z2 frames=   3581 FER=8.377548e-02 BER=8.944778e-03 avg_msgs=1933.24
[done] wrote CSV: RELDEC/notebook_runs/continuous_reldec/active_run/mackay/results/eval_mi_naive_z2_snr2.5_primary_20260507_192605.csv
[done] wrote JSON: RELDEC/notebook_runs/continuous_reldec/active_run/mackay/results/eval_mi_naive_z2_snr2.5_primary_20260507_192605.json
[eval] code=ab matrix=RELDEC/matrices/H_Mackay_96_48.csv
[eval] H shape=(48, 96) nnz=288 rate=0.500000 i_max=50
[eval] methods=['flooding']
[eval] SNR points=[1.0]
[eval] stop criteria: target_frame_errors=300 max_frames=10000
[eval] snr=1.00 dB
  - flooding    frames=    507 FER=5.917160e-01 BER=7.077991e-02 avg_msgs=9344.95
[done] wrote CSV: RELDEC/notebook_runs/continuous_reldec/active_run/mackay/results/eval_flooding_snr1.0_secondary_20260507_193116.csv
[done] wrote JSON: RELDEC/notebook_runs/continuous_reldec/active_run/mackay/results/eval_flooding_snr1.0_secondary_20260507_193116.json
[eval] code=ab matrix=RELDEC/matrices/H_Mackay_96_48.csv
[eval] H shape=(48, 96) nnz=288 rate=0.500000 i_max=50
[eval] methods=['round_robin']
[eval] SNR points=[1.0]
[eval] stop criteria: target_frame_errors=300 max_frames=10000
[eval] snr=1.00 dB
  - round_robin frames=    510 FER=5.882353e-01 BER=7.056781e-02 avg_msgs=8950.59
[done] wrote CSV: RELDEC/notebook_runs/continuous_reldec/active_run/mackay/results/eval_round_robin_snr1.0_secondary_20260507_193121.csv
[done] wrote JSON: RELDEC/notebook_runs/continuous_reldec/active_run/mackay/results/eval_round_robin_snr1.0_secondary_20260507_193121.json
[eval] code=ab matrix=RELDEC/matrices/H_Mackay_96_48.csv
[eval] H shape=(48, 96) nnz=288 rate=0.500000 i_max=50
[eval] methods=['reldec']
[eval] SNR points=[1.0]
[eval] stop criteria: target_frame_errors=300 max_frames=10000
[eval] snr=1.00 dB
  - reldec      frames=    543 FER=5.524862e-01 BER=6.631753e-02 avg_msgs=8117.57
[done] wrote CSV: RELDEC/notebook_runs/continuous_reldec/active_run/mackay/results/eval_reldec_snr1.0_secondary_20260507_193134.csv
[done] wrote JSON: RELDEC/notebook_runs/continuous_reldec/active_run/mackay/results/eval_reldec_snr1.0_secondary_20260507_193134.json
[eval] code=ab matrix=RELDEC/matrices/H_Mackay_96_48.csv
[eval] H shape=(48, 96) nnz=288 rate=0.500000 i_max=50
[eval] methods=['mi_naive_z2']
[eval] SNR points=[1.0]
[eval] stop criteria: target_frame_errors=300 max_frames=10000
[eval] snr=1.00 dB
  - mi_naive_z2 frames=    508 FER=5.905512e-01 BER=7.039452e-02 avg_msgs=8816.88
[done] wrote CSV: RELDEC/notebook_runs/continuous_reldec/active_run/mackay/results/eval_mi_naive_z2_snr1.0_secondary_20260507_193305.csv
[done] wrote JSON: RELDEC/notebook_runs/continuous_reldec/active_run/mackay/results/eval_mi_naive_z2_snr1.0_secondary_20260507_193305.json
[eval] code=ab matrix=RELDEC/matrices/H_Mackay_96_48.csv
[eval] H shape=(48, 96) nnz=288 rate=0.500000 i_max=50
[eval] methods=['flooding']
[eval] SNR points=[2.0]
[eval] stop criteria: target_frame_errors=300 max_frames=10000
[eval] snr=2.00 dB
  - flooding    frames=   1344 FER=2.232143e-01 BER=2.499535e-02 avg_msgs=4314.43
[done] wrote CSV: RELDEC/notebook_runs/continuous_reldec/active_run/mackay/results/eval_flooding_snr2.0_secondary_20260507_193636.csv
[done] wrote JSON: RELDEC/notebook_runs/continuous_reldec/active_run/mackay/results/eval_flooding_snr2.0_secondary_20260507_193636.json
[eval] code=ab matrix=RELDEC/matrices/H_Mackay_96_48.csv
[eval] H shape=(48, 96) nnz=288 rate=0.500000 i_max=50
[eval] methods=['round_robin']
[eval] SNR points=[2.0]
[eval] stop criteria: target_frame_errors=300 max_frames=10000
[eval] snr=2.00 dB
  - round_robin frames=   1434 FER=2.092050e-01 BER=2.301255e-02 avg_msgs=3661.86
[done] wrote CSV: RELDEC/notebook_runs/continuous_reldec/active_run/mackay/results/eval_round_robin_snr2.0_secondary_20260507_193640.csv
[done] wrote JSON: RELDEC/notebook_runs/continuous_reldec/active_run/mackay/results/eval_round_robin_snr2.0_secondary_20260507_193640.json
[eval] code=ab matrix=RELDEC/matrices/H_Mackay_96_48.csv
[eval] H shape=(48, 96) nnz=288 rate=0.500000 i_max=50
[eval] methods=['reldec']
[eval] SNR points=[2.0]
[eval] stop criteria: target_frame_errors=300 max_frames=10000
[eval] snr=2.00 dB
  - reldec      frames=   1982 FER=1.513623e-01 BER=1.790069e-02 avg_msgs=2623.10
[done] wrote CSV: RELDEC/notebook_runs/continuous_reldec/active_run/mackay/results/eval_reldec_snr2.0_secondary_20260507_193656.csv
[done] wrote JSON: RELDEC/notebook_runs/continuous_reldec/active_run/mackay/results/eval_reldec_snr2.0_secondary_20260507_193656.json
[eval] code=ab matrix=RELDEC/matrices/H_Mackay_96_48.csv
[eval] H shape=(48, 96) nnz=288 rate=0.500000 i_max=50
[eval] methods=['mi_naive_z2']
[eval] SNR points=[2.0]
[eval] stop criteria: target_frame_errors=300 max_frames=10000
[eval] snr=2.00 dB
  - mi_naive_z2 frames=   1617 FER=1.855288e-01 BER=2.127783e-02 avg_msgs=3508.01
[done] wrote CSV: RELDEC/notebook_runs/continuous_reldec/active_run/mackay/results/eval_mi_naive_z2_snr2.0_secondary_20260507_193843.csv
[done] wrote JSON: RELDEC/notebook_runs/continuous_reldec/active_run/mackay/results/eval_mi_naive_z2_snr2.0_secondary_20260507_193843.json
Selected q-table matching expected shape: RELDEC/notebook_runs/continuous_reldec/active_run/mackay/checkpoints_reldec_tabular/q_table_final.npy
CMD: python3 RELDEC/evaluate_reldec.py --code ab --matrix-csv RELDEC/matrices/H_Mackay_96_48.csv --q-table RELDEC/notebook_runs/continuous_reldec/active_run/mackay/checkpoints_reldec_tabular/q_table_final.npy --methods flooding  --snr-db 0.5 --target-frame-errors 300 --max-frames 10000 --seed 17 --output-csv RELDEC/notebook_runs/continuous_reldec/active_run/mackay/results/eval_flooding_snr0.5_primary_20260507_191246.csv
CMD: python3 RELDEC/evaluate_reldec.py --code ab --matrix-csv RELDEC/matrices/H_Mackay_96_48.csv --q-table RELDEC/notebook_runs/continuous_reldec/active_run/mackay/checkpoints_reldec_tabular/q_table_final.npy --methods round_robin  --snr-db 0.5 --target-frame-errors 300 --max-frames 10000 --seed 17 --output-csv RELDEC/notebook_runs/continuous_reldec/active_run/mackay/results/eval_round_robin_snr0.5_primary_20260507_191250.csv
CMD: python3 RELDEC/evaluate_reldec.py --code ab --matrix-csv RELDEC/matrices/H_Mackay_96_48.csv --q-table RELDEC/notebook_runs/continuous_reldec/active_run/mackay/checkpoints_reldec_tabular/q_table_final.npy --methods reldec  --snr-db 0.5 --target-frame-errors 300 --max-frames 10000 --seed 17 --output-csv RELDEC/notebook_runs/continuous_reldec/active_run/mackay/results/eval_reldec_snr0.5_primary_20260507_191304.csv
CMD: python3 RELDEC/evaluate_reldec.py --code ab --matrix-csv RELDEC/matrices/H_Mackay_96_48.csv --q-table RELDEC/notebook_runs/continuous_reldec/active_run/mackay/checkpoints_reldec_tabular/q_table_final.npy --methods mi_naive_z2  --snr-db 0.5 --target-frame-errors 300 --max-frames 10000 --seed 17 --output-csv RELDEC/notebook_runs/continuous_reldec/active_run/mackay/results/eval_mi_naive_z2_snr0.5_primary_20260507_191436.csv
CMD: python3 RELDEC/evaluate_reldec.py --code ab --matrix-csv RELDEC/matrices/H_Mackay_96_48.csv --q-table RELDEC/notebook_runs/continuous_reldec/active_run/mackay/checkpoints_reldec_tabular/q_table_final.npy --methods flooding  --snr-db 1.5 --target-frame-errors 300 --max-frames 10000 --seed 17 --output-csv RELDEC/notebook_runs/continuous_reldec/active_run/mackay/results/eval_flooding_snr1.5_primary_20260507_191800.csv
CMD: python3 RELDEC/evaluate_reldec.py --code ab --matrix-csv RELDEC/matrices/H_Mackay_96_48.csv --q-table RELDEC/notebook_runs/continuous_reldec/active_run/mackay/checkpoints_reldec_tabular/q_table_final.npy --methods round_robin  --snr-db 1.5 --target-frame-errors 300 --max-frames 10000 --seed 17 --output-csv RELDEC/notebook_runs/continuous_reldec/active_run/mackay/results/eval_round_robin_snr1.5_primary_20260507_191804.csv
CMD: python3 RELDEC/evaluate_reldec.py --code ab --matrix-csv RELDEC/matrices/H_Mackay_96_48.csv --q-table RELDEC/notebook_runs/continuous_reldec/active_run/mackay/checkpoints_reldec_tabular/q_table_final.npy --methods reldec  --snr-db 1.5 --target-frame-errors 300 --max-frames 10000 --seed 17 --output-csv RELDEC/notebook_runs/continuous_reldec/active_run/mackay/results/eval_reldec_snr1.5_primary_20260507_191819.csv
CMD: python3 RELDEC/evaluate_reldec.py --code ab --matrix-csv RELDEC/matrices/H_Mackay_96_48.csv --q-table RELDEC/notebook_runs/continuous_reldec/active_run/mackay/checkpoints_reldec_tabular/q_table_final.npy --methods mi_naive_z2  --snr-db 1.5 --target-frame-errors 300 --max-frames 10000 --seed 17 --output-csv RELDEC/notebook_runs/continuous_reldec/active_run/mackay/results/eval_mi_naive_z2_snr1.5_primary_20260507_191956.csv
CMD: python3 RELDEC/evaluate_reldec.py --code ab --matrix-csv RELDEC/matrices/H_Mackay_96_48.csv --q-table RELDEC/notebook_runs/continuous_reldec/active_run/mackay/checkpoints_reldec_tabular/q_table_final.npy --methods flooding  --snr-db 2.5 --target-frame-errors 300 --max-frames 10000 --seed 17 --output-csv RELDEC/notebook_runs/continuous_reldec/active_run/mackay/results/eval_flooding_snr2.5_primary_20260507_192320.csv
CMD: python3 RELDEC/evaluate_reldec.py --code ab --matrix-csv RELDEC/matrices/H_Mackay_96_48.csv --q-table RELDEC/notebook_runs/continuous_reldec/active_run/mackay/checkpoints_reldec_tabular/q_table_final.npy --methods round_robin  --snr-db 2.5 --target-frame-errors 300 --max-frames 10000 --seed 17 --output-csv RELDEC/notebook_runs/continuous_reldec/active_run/mackay/results/eval_round_robin_snr2.5_primary_20260507_192325.csv
CMD: python3 RELDEC/evaluate_reldec.py --code ab --matrix-csv RELDEC/matrices/H_Mackay_96_48.csv --q-table RELDEC/notebook_runs/continuous_reldec/active_run/mackay/checkpoints_reldec_tabular/q_table_final.npy --methods reldec  --snr-db 2.5 --target-frame-errors 300 --max-frames 10000 --seed 17 --output-csv RELDEC/notebook_runs/continuous_reldec/active_run/mackay/results/eval_reldec_snr2.5_primary_20260507_192344.csv
CMD: python3 RELDEC/evaluate_reldec.py --code ab --matrix-csv RELDEC/matrices/H_Mackay_96_48.csv --q-table RELDEC/notebook_runs/continuous_reldec/active_run/mackay/checkpoints_reldec_tabular/q_table_final.npy --methods mi_naive_z2  --snr-db 2.5 --target-frame-errors 300 --max-frames 10000 --seed 17 --output-csv RELDEC/notebook_runs/continuous_reldec/active_run/mackay/results/eval_mi_naive_z2_snr2.5_primary_20260507_192605.csv
CMD: python3 RELDEC/evaluate_reldec.py --code ab --matrix-csv RELDEC/matrices/H_Mackay_96_48.csv --q-table RELDEC/notebook_runs/continuous_reldec/active_run/mackay/checkpoints_reldec_tabular/q_table_final.npy --methods flooding  --snr-db 1.0 --target-frame-errors 300 --max-frames 10000 --seed 17 --output-csv RELDEC/notebook_runs/continuous_reldec/active_run/mackay/results/eval_flooding_snr1.0_secondary_20260507_193116.csv
CMD: python3 RELDEC/evaluate_reldec.py --code ab --matrix-csv RELDEC/matrices/H_Mackay_96_48.csv --q-table RELDEC/notebook_runs/continuous_reldec/active_run/mackay/checkpoints_reldec_tabular/q_table_final.npy --methods round_robin  --snr-db 1.0 --target-frame-errors 300 --max-frames 10000 --seed 17 --output-csv RELDEC/notebook_runs/continuous_reldec/active_run/mackay/results/eval_round_robin_snr1.0_secondary_20260507_193121.csv
CMD: python3 RELDEC/evaluate_reldec.py --code ab --matrix-csv RELDEC/matrices/H_Mackay_96_48.csv --q-table RELDEC/notebook_runs/continuous_reldec/active_run/mackay/checkpoints_reldec_tabular/q_table_final.npy --methods reldec  --snr-db 1.0 --target-frame-errors 300 --max-frames 10000 --seed 17 --output-csv RELDEC/notebook_runs/continuous_reldec/active_run/mackay/results/eval_reldec_snr1.0_secondary_20260507_193134.csv
CMD: python3 RELDEC/evaluate_reldec.py --code ab --matrix-csv RELDEC/matrices/H_Mackay_96_48.csv --q-table RELDEC/notebook_runs/continuous_reldec/active_run/mackay/checkpoints_reldec_tabular/q_table_final.npy --methods mi_naive_z2  --snr-db 1.0 --target-frame-errors 300 --max-frames 10000 --seed 17 --output-csv RELDEC/notebook_runs/continuous_reldec/active_run/mackay/results/eval_mi_naive_z2_snr1.0_secondary_20260507_193305.csv
CMD: python3 RELDEC/evaluate_reldec.py --code ab --matrix-csv RELDEC/matrices/H_Mackay_96_48.csv --q-table RELDEC/notebook_runs/continuous_reldec/active_run/mackay/checkpoints_reldec_tabular/q_table_final.npy --methods flooding  --snr-db 2.0 --target-frame-errors 300 --max-frames 10000 --seed 17 --output-csv RELDEC/notebook_runs/continuous_reldec/active_run/mackay/results/eval_flooding_snr2.0_secondary_20260507_193636.csv
CMD: python3 RELDEC/evaluate_reldec.py --code ab --matrix-csv RELDEC/matrices/H_Mackay_96_48.csv --q-table RELDEC/notebook_runs/continuous_reldec/active_run/mackay/checkpoints_reldec_tabular/q_table_final.npy --methods round_robin  --snr-db 2.0 --target-frame-errors 300 --max-frames 10000 --seed 17 --output-csv RELDEC/notebook_runs/continuous_reldec/active_run/mackay/results/eval_round_robin_snr2.0_secondary_20260507_193640.csv
CMD: python3 RELDEC/evaluate_reldec.py --code ab --matrix-csv RELDEC/matrices/H_Mackay_96_48.csv --q-table RELDEC/notebook_runs/continuous_reldec/active_run/mackay/checkpoints_reldec_tabular/q_table_final.npy --methods reldec  --snr-db 2.0 --target-frame-errors 300 --max-frames 10000 --seed 17 --output-csv RELDEC/notebook_runs/continuous_reldec/active_run/mackay/results/eval_reldec_snr2.0_secondary_20260507_193656.csv
CMD: python3 RELDEC/evaluate_reldec.py --code ab --matrix-csv RELDEC/matrices/H_Mackay_96_48.csv --q-table RELDEC/notebook_runs/continuous_reldec/active_run/mackay/checkpoints_reldec_tabular/q_table_final.npy --methods mi_naive_z2  --snr-db 2.0 --target-frame-errors 300 --max-frames 10000 --seed 17 --output-csv RELDEC/notebook_runs/continuous_reldec/active_run/mackay/results/eval_mi_naive_z2_snr2.0_secondary_20260507_193843.csv
CMD: python3 - <<'PY'

from pathlib import Path
import pandas as pd
rd=Path('RELDEC/notebook_runs/continuous_reldec/active_run/mackay/results')
acc=rd/'accumulated_results.csv'
frames=[]
if acc.exists():
    frames.append(pd.read_csv(acc))
for p in sorted(rd.glob('eval_*.csv')):
    frames.append(pd.read_csv(p))
if frames:
    df=pd.concat(frames,ignore_index=True)
    key_cols=['method','snr_db','code','matrix_csv','target_frame_errors','max_frames','all_zero_only']
    df=df.drop_duplicates(subset=key_cols,keep='last')
    df=df.sort_values(['snr_db','method']).reset_index(drop=True)
    df.to_csv(acc,index=False)
    print('wrote', acc)

PY
