usage: train_reldec.py [-h] [--code {ab,wran}] [--matrix-csv MATRIX_CSV]
                       [--snr-db SNR_DB [SNR_DB ...]]
                       [--episodes-per-snr EPISODES_PER_SNR] [--alpha ALPHA]
                       [--beta BETA] [--epsilon EPSILON] [--l-max L_MAX]
                       [--code-rate CODE_RATE] [--seed SEED]
                       [--checkpoint-dir CHECKPOINT_DIR]
                       [--checkpoint-every-episodes CHECKPOINT_EVERY_EPISODES]
                       [--resume RESUME] [--max-episodes MAX_EPISODES]
                       [--log-every LOG_EVERY] [--no-history]
                       [--policy-type {tabular,mi_tabular_z2,deep_z1,deep_z2,mi_dqn_z2}]
                       [--mi-bins MI_BINS] [--device DEVICE]
                       [--dqn-hidden-dim DQN_HIDDEN_DIM]
                       [--dqn-learning-rate DQN_LEARNING_RATE]
                       [--dqn-replay-capacity DQN_REPLAY_CAPACITY]
                       [--dqn-replay-warmup DQN_REPLAY_WARMUP]
                       [--dqn-batch-size DQN_BATCH_SIZE]
                       [--dqn-target-sync-steps DQN_TARGET_SYNC_STEPS]
                       [--dqn-train-every-steps DQN_TRAIN_EVERY_STEPS]
                       [--dqn-epsilon-start DQN_EPSILON_START]
                       [--dqn-epsilon-end DQN_EPSILON_END]
                       [--dqn-epsilon-decay-steps DQN_EPSILON_DECAY_STEPS]
train_reldec.py: error: argument --policy-type: invalid choice: 'deep_reldec_z6' (choose from 'tabular', 'mi_tabular_z2', 'deep_z1', 'deep_z2', 'mi_dqn_z2')
Traceback (most recent call last):
  File "/home2/harshitlalwani/Decoder/RELDEC/scripts/run_eval_sequence.py", line 148, in <module>
    eval_for_snr_list(primary, "primary")
  File "/home2/harshitlalwani/Decoder/RELDEC/scripts/run_eval_sequence.py", line 128, in eval_for_snr_list
    ck = ensure_checkpoint_for_method(Path('.'), method, args.z, args.matrix_csv)
  File "/home2/harshitlalwani/Decoder/RELDEC/scripts/run_eval_sequence.py", line 50, in ensure_checkpoint_for_method
    run_cmd(train_cmd, cwd=str(Path.cwd()))
  File "/home2/harshitlalwani/Decoder/RELDEC/scripts/run_eval_sequence.py", line 22, in run_cmd
    subprocess.run(cmd, shell=True, check=True, cwd=cwd)
  File "/usr/lib/python3.10/subprocess.py", line 526, in run
    raise CalledProcessError(retcode, process.args,
subprocess.CalledProcessError: Command 'python3 RELDEC/train_reldec.py --code ab --matrix-csv RELDEC/matrices/H_Mackay_96_48.csv --policy-type deep_reldec_z6 --device cpu --resume '' --checkpoint-dir notebook_runs/continuous_reldec/active_run/wran/checkpoints/checkpoints_deep_z6_1k --checkpoint-every-episodes 250 --log-every 100 --max-episodes 250' returned non-zero exit status 2.
