==========================================
SLURM_JOB_ID = 2620297
SLURM_NODELIST = gnode035
SLURM_JOB_GPUS = 2
==========================================
[eval] code=ab matrix=RELDEC/matrices/H_AB_3_7_196.csv
[eval] H shape=(84, 196) nnz=588 rate=0.571429 i_max=50
[eval] methods=['flooding']
[eval] SNR points=[0.5]
[eval] stop criteria: target_frame_errors=300 max_frames=10000
[eval] snr=0.50 dB
  - flooding    frames=    333 FER=9.009009e-01 BER=9.724520e-02 avg_msgs=27221.05
[done] wrote CSV: RELDEC/notebook_runs/continuous_reldec/active_run/ab/results/eval_flooding_snr0.5_primary_20260507_191246.csv
[done] wrote JSON: RELDEC/notebook_runs/continuous_reldec/active_run/ab/results/eval_flooding_snr0.5_primary_20260507_191246.json
[eval] code=ab matrix=RELDEC/matrices/H_AB_3_7_196.csv
[eval] H shape=(84, 196) nnz=588 rate=0.571429 i_max=50
[eval] methods=['round_robin']
[eval] SNR points=[0.5]
[eval] stop criteria: target_frame_errors=300 max_frames=10000
[eval] snr=0.50 dB
  - round_robin frames=    336 FER=8.928571e-01 BER=9.675656e-02 avg_msgs=26699.75
[done] wrote CSV: RELDEC/notebook_runs/continuous_reldec/active_run/ab/results/eval_round_robin_snr0.5_primary_20260507_191250.csv
[done] wrote JSON: RELDEC/notebook_runs/continuous_reldec/active_run/ab/results/eval_round_robin_snr0.5_primary_20260507_191250.json
[eval] code=ab matrix=RELDEC/matrices/H_AB_3_7_196.csv
[eval] H shape=(84, 196) nnz=588 rate=0.571429 i_max=50
[eval] methods=['reldec']
[eval] SNR points=[0.5]
[eval] stop criteria: target_frame_errors=300 max_frames=10000
[eval] snr=0.50 dB
  - reldec      frames=    337 FER=8.902077e-01 BER=9.656029e-02 avg_msgs=26428.59
[done] wrote CSV: RELDEC/notebook_runs/continuous_reldec/active_run/ab/results/eval_reldec_snr0.5_primary_20260507_191324.csv
[done] wrote JSON: RELDEC/notebook_runs/continuous_reldec/active_run/ab/results/eval_reldec_snr0.5_primary_20260507_191324.json
[eval] code=ab matrix=RELDEC/matrices/H_AB_3_7_196.csv
[eval] H shape=(84, 196) nnz=588 rate=0.571429 i_max=50
[eval] methods=['mi_naive_z2']
[eval] SNR points=[0.5]
[eval] stop criteria: target_frame_errors=300 max_frames=10000
[eval] snr=0.50 dB
  - mi_naive_z2 frames=    335 FER=8.955224e-01 BER=9.463905e-02 avg_msgs=26904.07
[done] wrote CSV: RELDEC/notebook_runs/continuous_reldec/active_run/ab/results/eval_mi_naive_z2_snr0.5_primary_20260507_191802.csv
[done] wrote JSON: RELDEC/notebook_runs/continuous_reldec/active_run/ab/results/eval_mi_naive_z2_snr0.5_primary_20260507_191802.json
[eval] code=ab matrix=RELDEC/matrices/H_AB_3_7_196.csv
[eval] H shape=(84, 196) nnz=588 rate=0.571429 i_max=50
[eval] methods=['flooding']
[eval] SNR points=[1.5]
[eval] stop criteria: target_frame_errors=300 max_frames=10000
[eval] snr=1.50 dB
  - flooding    frames=    652 FER=4.601227e-01 BER=3.752191e-02 avg_msgs=16200.66
[done] wrote CSV: RELDEC/notebook_runs/continuous_reldec/active_run/ab/results/eval_flooding_snr1.5_primary_20260507_192743.csv
[done] wrote JSON: RELDEC/notebook_runs/continuous_reldec/active_run/ab/results/eval_flooding_snr1.5_primary_20260507_192743.json
[eval] code=ab matrix=RELDEC/matrices/H_AB_3_7_196.csv
[eval] H shape=(84, 196) nnz=588 rate=0.571429 i_max=50
[eval] methods=['round_robin']
[eval] SNR points=[1.5]
[eval] stop criteria: target_frame_errors=300 max_frames=10000
[eval] snr=1.50 dB
  - round_robin frames=    666 FER=4.504505e-01 BER=3.801250e-02 avg_msgs=14823.60
[done] wrote CSV: RELDEC/notebook_runs/continuous_reldec/active_run/ab/results/eval_round_robin_snr1.5_primary_20260507_192748.csv
[done] wrote JSON: RELDEC/notebook_runs/continuous_reldec/active_run/ab/results/eval_round_robin_snr1.5_primary_20260507_192748.json
[eval] code=ab matrix=RELDEC/matrices/H_AB_3_7_196.csv
[eval] H shape=(84, 196) nnz=588 rate=0.571429 i_max=50
[eval] methods=['reldec']
[eval] SNR points=[1.5]
[eval] stop criteria: target_frame_errors=300 max_frames=10000
[eval] snr=1.50 dB
  - reldec      frames=    824 FER=3.640777e-01 BER=3.195586e-02 avg_msgs=11720.75
[done] wrote CSV: RELDEC/notebook_runs/continuous_reldec/active_run/ab/results/eval_reldec_snr1.5_primary_20260507_192823.csv
[done] wrote JSON: RELDEC/notebook_runs/continuous_reldec/active_run/ab/results/eval_reldec_snr1.5_primary_20260507_192823.json
[eval] code=ab matrix=RELDEC/matrices/H_AB_3_7_196.csv
[eval] H shape=(84, 196) nnz=588 rate=0.571429 i_max=50
[eval] methods=['mi_naive_z2']
[eval] SNR points=[1.5]
[eval] stop criteria: target_frame_errors=300 max_frames=10000
[eval] snr=1.50 dB
  - mi_naive_z2 frames=    727 FER=4.126547e-01 BER=3.512478e-02 avg_msgs=14243.83
[done] wrote CSV: RELDEC/notebook_runs/continuous_reldec/active_run/ab/results/eval_mi_naive_z2_snr1.5_primary_20260507_193327.csv
[done] wrote JSON: RELDEC/notebook_runs/continuous_reldec/active_run/ab/results/eval_mi_naive_z2_snr1.5_primary_20260507_193327.json
[eval] code=ab matrix=RELDEC/matrices/H_AB_3_7_196.csv
[eval] H shape=(84, 196) nnz=588 rate=0.571429 i_max=50
[eval] methods=['flooding']
[eval] SNR points=[2.5]
[eval] stop criteria: target_frame_errors=300 max_frames=10000
[eval] snr=2.50 dB
  - flooding    frames=   4023 FER=7.457122e-02 BER=4.985365e-03 avg_msgs=5186.18
[done] wrote CSV: RELDEC/notebook_runs/continuous_reldec/active_run/ab/results/eval_flooding_snr2.5_primary_20260507_194408.csv
[done] wrote JSON: RELDEC/notebook_runs/continuous_reldec/active_run/ab/results/eval_flooding_snr2.5_primary_20260507_194408.json
[eval] code=ab matrix=RELDEC/matrices/H_AB_3_7_196.csv
[eval] H shape=(84, 196) nnz=588 rate=0.571429 i_max=50
[eval] methods=['round_robin']
[eval] SNR points=[2.5]
[eval] stop criteria: target_frame_errors=300 max_frames=10000
[eval] snr=2.50 dB
  - round_robin frames=   4955 FER=6.054490e-02 BER=4.350378e-03 avg_msgs=3590.42
[done] wrote CSV: RELDEC/notebook_runs/continuous_reldec/active_run/ab/results/eval_round_robin_snr2.5_primary_20260507_194414.csv
[done] wrote JSON: RELDEC/notebook_runs/continuous_reldec/active_run/ab/results/eval_round_robin_snr2.5_primary_20260507_194414.json
