==========================================
SLURM_JOB_ID = 2612885
SLURM_NODELIST = gnode059
SLURM_JOB_GPUS = 0
==========================================
[eval] code=wran matrix=RELDEC/matrices/WRAN_irreg_384_256.csv
[eval] H shape=(128, 384) nnz=1296 rate=0.666667 i_max=5
[eval] methods=['mi_naive_z2', 'mi_dqn_z2']
[eval] SNR points=[1.0, 2.0, 3.0, 4.0, 5.0, 5.5]
[eval] stop criteria: target_frame_errors=60 max_frames=3000
[eval] snr=1.00 dB
  - mi_naive_z2 frames=     60 FER=1.000000e+00 BER=8.263889e-02 avg_msgs=6480.00
  - mi_dqn_z2   frames=     60 FER=1.000000e+00 BER=7.682292e-02 avg_msgs=6480.00
[eval] snr=2.00 dB
  - mi_naive_z2 frames=     90 FER=6.666667e-01 BER=3.015046e-02 avg_msgs=6048.00
  - mi_dqn_z2   frames=    100 FER=6.000000e-01 BER=2.481771e-02 avg_msgs=5676.48
[eval] snr=3.00 dB
  - mi_naive_z2 frames=    871 FER=6.888634e-02 BER=2.224455e-03 avg_msgs=3804.68
  - mi_dqn_z2   frames=    744 FER=8.064516e-02 BER=2.478159e-03 avg_msgs=3706.84
[eval] snr=4.00 dB
  - mi_naive_z2 frames=   3000 FER=2.000000e-03 BER=4.861111e-05 avg_msgs=2430.00
  - mi_dqn_z2   frames=   3000 FER=1.666667e-03 BER=1.475694e-05 avg_msgs=2225.23
[eval] snr=5.00 dB
  - mi_naive_z2 frames=   3000 FER=3.333333e-04 BER=1.736111e-06 avg_msgs=1679.18
  - mi_dqn_z2   frames=   3000 FER=0.000000e+00 BER=0.000000e+00 avg_msgs=1573.34
[eval] snr=5.50 dB
  - mi_naive_z2 frames=   3000 FER=0.000000e+00 BER=0.000000e+00 avg_msgs=1471.39
  - mi_dqn_z2   frames=   3000 FER=0.000000e+00 BER=0.000000e+00 avg_msgs=1402.27
[done] wrote CSV: RELDEC/notebook_runs/continuous_reldec/active_run/wran/results_mi_quick_fe60_mf3000/wran_mi_quick_20260423_015257.csv
[done] wrote JSON: RELDEC/notebook_runs/continuous_reldec/active_run/wran/results_mi_quick_fe60_mf3000/wran_mi_quick_20260423_015257.json
