/home2/harshitlalwani/Decoder/RELDEC/algorithms/reldec_deep.py:266: FutureWarning: You are using `torch.load` with `weights_only=False` (the current default value), which uses the default pickle module implicitly. It is possible to construct malicious pickle data which will execute arbitrary code during unpickling (See https://github.com/pytorch/pytorch/blob/main/SECURITY.md#untrusted-models for more details). In a future release, the default value for `weights_only` will be flipped to `True`. This limits the functions that could be executed during unpickling. Arbitrary objects will no longer be allowed to be loaded via this mode unless they are explicitly allowlisted by the user via `torch.serialization.add_safe_globals`. We recommend you start setting `weights_only=True` for any use case where you don't have full control of the loaded file. Please open an issue on GitHub for any issues related to this experimental feature.
  return torch.load(buffer, map_location=map_location)
[train] run_id=train_134d95ef9599 auto_resume=True
[train] code=mackay matrix=/home2/harshitlalwani/Decoder/RELDEC/matrices/H_Mackay_96_48.csv
[train] H shape=(48, 96) nnz=288 rate=0.500000
[train] episodes=12500 start=4000 l_max=50 alpha=0.1 beta=0.9 epsilon=0.6 policy_type=deep_zx cluster_size=1
[train] episode=4100/12500 mean_reward=0.789785 updates=205000
[train] episode=4200/12500 mean_reward=0.786844 updates=210000
[checkpoint] saved deep checkpoint at episode 4250
[train] episode=4300/12500 mean_reward=0.783916 updates=215000
[train] episode=4400/12500 mean_reward=0.781557 updates=220000
[checkpoint] saved deep checkpoint at episode 4500
[train] episode=4500/12500 mean_reward=0.779018 updates=225000
[train] episode=4600/12500 mean_reward=0.776322 updates=230000
[train] episode=4700/12500 mean_reward=0.773732 updates=235000
[checkpoint] saved deep checkpoint at episode 4750
[train] episode=4800/12500 mean_reward=0.771207 updates=240000
[train] episode=4900/12500 mean_reward=0.768410 updates=245000
[checkpoint] saved deep checkpoint at episode 5000
[train] episode=5000/12500 mean_reward=0.765544 updates=250000
[train] episode=5100/12500 mean_reward=0.763570 updates=255000
[train] episode=5200/12500 mean_reward=0.761772 updates=260000
[checkpoint] saved deep checkpoint at episode 5250
[train] episode=5300/12500 mean_reward=0.759844 updates=265000
[train] episode=5400/12500 mean_reward=0.757298 updates=270000
[checkpoint] saved deep checkpoint at episode 5500
[train] episode=5500/12500 mean_reward=0.755432 updates=275000
[train] episode=5600/12500 mean_reward=0.753974 updates=280000
[train] episode=5700/12500 mean_reward=0.752474 updates=285000
[checkpoint] saved deep checkpoint at episode 5750
[train] episode=5800/12500 mean_reward=0.750890 updates=290000
[train] episode=5900/12500 mean_reward=0.749025 updates=295000
[checkpoint] saved deep checkpoint at episode 6000
[train] episode=6000/12500 mean_reward=0.747189 updates=300000
[train] episode=6100/12500 mean_reward=0.746009 updates=305000
[train] episode=6200/12500 mean_reward=0.744855 updates=310000
[checkpoint] saved deep checkpoint at episode 6250
[train] episode=6300/12500 mean_reward=0.743449 updates=315000
[train] episode=6400/12500 mean_reward=0.741980 updates=320000
[checkpoint] saved deep checkpoint at episode 6500
[train] episode=6500/12500 mean_reward=0.741173 updates=325000
[train] episode=6600/12500 mean_reward=0.740404 updates=330000
[train] episode=6700/12500 mean_reward=0.739276 updates=335000
[checkpoint] saved deep checkpoint at episode 6750
[train] episode=6800/12500 mean_reward=0.738152 updates=340000
[train] episode=6900/12500 mean_reward=0.736880 updates=345000
[checkpoint] saved deep checkpoint at episode 7000
[train] episode=7000/12500 mean_reward=0.735800 updates=350000
[train] episode=7100/12500 mean_reward=0.734634 updates=355000
[train] episode=7200/12500 mean_reward=0.733655 updates=360000
[checkpoint] saved deep checkpoint at episode 7250
[train] episode=7300/12500 mean_reward=0.732778 updates=365000
[train] episode=7400/12500 mean_reward=0.731496 updates=370000
[checkpoint] saved deep checkpoint at episode 7500
[train] episode=7500/12500 mean_reward=0.730312 updates=375000
[train] episode=7600/12500 mean_reward=0.729252 updates=380000
[train] episode=7700/12500 mean_reward=0.728140 updates=385000
[checkpoint] saved deep checkpoint at episode 7750
[train] episode=7800/12500 mean_reward=0.726835 updates=390000
[train] episode=7900/12500 mean_reward=0.726037 updates=395000
[checkpoint] saved deep checkpoint at episode 8000
[train] episode=8000/12500 mean_reward=0.725217 updates=400000
[train] episode=8100/12500 mean_reward=0.724355 updates=405000
[train] episode=8200/12500 mean_reward=0.723561 updates=410000
[checkpoint] saved deep checkpoint at episode 8250
[train] episode=8300/12500 mean_reward=0.722867 updates=415000
[train] episode=8400/12500 mean_reward=0.721736 updates=420000
[checkpoint] saved deep checkpoint at episode 8500
[train] episode=8500/12500 mean_reward=0.720887 updates=425000
[train] episode=8600/12500 mean_reward=0.719740 updates=430000
[train] episode=8700/12500 mean_reward=0.718914 updates=435000
[checkpoint] saved deep checkpoint at episode 8750
[train] episode=8800/12500 mean_reward=0.717870 updates=440000
[train] episode=8900/12500 mean_reward=0.717254 updates=445000
[checkpoint] saved deep checkpoint at episode 9000
[train] episode=9000/12500 mean_reward=0.716492 updates=450000
[train] episode=9100/12500 mean_reward=0.715775 updates=455000
[train] episode=9200/12500 mean_reward=0.715108 updates=460000
[checkpoint] saved deep checkpoint at episode 9250
[train] episode=9300/12500 mean_reward=0.714543 updates=465000
[train] episode=9400/12500 mean_reward=0.714036 updates=470000
[checkpoint] saved deep checkpoint at episode 9500
[train] episode=9500/12500 mean_reward=0.713205 updates=475000
[train] episode=9600/12500 mean_reward=0.712701 updates=480000
[train] episode=9700/12500 mean_reward=0.712343 updates=485000
[checkpoint] saved deep checkpoint at episode 9750
[train] episode=9800/12500 mean_reward=0.711787 updates=490000
[train] episode=9900/12500 mean_reward=0.711206 updates=495000
[checkpoint] saved deep checkpoint at episode 10000
[train] episode=10000/12500 mean_reward=0.710665 updates=500000
[train] episode=10100/12500 mean_reward=0.710495 updates=505000
[train] episode=10200/12500 mean_reward=0.709492 updates=510000
[checkpoint] saved deep checkpoint at episode 10250
[train] episode=10300/12500 mean_reward=0.708772 updates=515000
[train] episode=10400/12500 mean_reward=0.707977 updates=520000
[checkpoint] saved deep checkpoint at episode 10500
[train] episode=10500/12500 mean_reward=0.707161 updates=525000
[train] episode=10600/12500 mean_reward=0.706647 updates=530000
[train] episode=10700/12500 mean_reward=0.706212 updates=535000
[checkpoint] saved deep checkpoint at episode 10750
[train] episode=10800/12500 mean_reward=0.705694 updates=540000
[train] episode=10900/12500 mean_reward=0.705188 updates=545000
[checkpoint] saved deep checkpoint at episode 11000
[train] episode=11000/12500 mean_reward=0.704872 updates=550000
[train] episode=11100/12500 mean_reward=0.704644 updates=555000
[train] episode=11200/12500 mean_reward=0.703750 updates=560000
[checkpoint] saved deep checkpoint at episode 11250
[train] episode=11300/12500 mean_reward=0.703255 updates=565000
[train] episode=11400/12500 mean_reward=0.702980 updates=570000
[checkpoint] saved deep checkpoint at episode 11500
[train] episode=11500/12500 mean_reward=0.702579 updates=575000
[train] episode=11600/12500 mean_reward=0.702075 updates=580000
[train] episode=11700/12500 mean_reward=0.701456 updates=585000
[checkpoint] saved deep checkpoint at episode 11750
[train] episode=11800/12500 mean_reward=0.700712 updates=590000
[train] episode=11900/12500 mean_reward=0.700326 updates=595000
[checkpoint] saved deep checkpoint at episode 12000
[train] episode=12000/12500 mean_reward=0.700027 updates=600000
[train] episode=12100/12500 mean_reward=0.699784 updates=605000
[train] episode=12200/12500 mean_reward=0.699234 updates=610000
[checkpoint] saved deep checkpoint at episode 12250
[train] episode=12300/12500 mean_reward=0.698634 updates=615000
[train] episode=12400/12500 mean_reward=0.698099 updates=620000
[checkpoint] saved deep checkpoint at episode 12500
[train] episode=12500/12500 mean_reward=0.697805 updates=625000
[done] training complete
[done] episodes_completed=12500
[done] total_updates=625000
[done] mean_reward=0.697805
[done] artifacts: /home2/harshitlalwani/Decoder/RELDEC/checkpoints/deep_reldec_zx_mackay_full
