/home2/harshitlalwani/Decoder/RELDEC/algorithms/reldec_deep.py:266: FutureWarning: You are using `torch.load` with `weights_only=False` (the current default value), which uses the default pickle module implicitly. It is possible to construct malicious pickle data which will execute arbitrary code during unpickling (See https://github.com/pytorch/pytorch/blob/main/SECURITY.md#untrusted-models for more details). In a future release, the default value for `weights_only` will be flipped to `True`. This limits the functions that could be executed during unpickling. Arbitrary objects will no longer be allowed to be loaded via this mode unless they are explicitly allowlisted by the user via `torch.serialization.add_safe_globals`. We recommend you start setting `weights_only=True` for any use case where you don't have full control of the loaded file. Please open an issue on GitHub for any issues related to this experimental feature.
  return torch.load(buffer, map_location=map_location)
[train] run_id=train_134d95ef9599 auto_resume=True
[train] code=mackay matrix=/home2/harshitlalwani/Decoder/RELDEC/matrices/H_Mackay_96_48.csv
[train] H shape=(48, 96) nnz=288 rate=0.500000
[train] episodes=12500 start=4000 l_max=50 alpha=0.1 beta=0.9 epsilon=0.6 policy_type=deep_zx cluster_size=1
[train] episode=4100/12500 mean_reward=0.699602 updates=205000
[train] episode=4200/12500 mean_reward=0.698442 updates=210000
[checkpoint] saved deep checkpoint at episode 4250
[train] episode=4300/12500 mean_reward=0.697465 updates=215000
[train] episode=4400/12500 mean_reward=0.696491 updates=220000
[checkpoint] saved deep checkpoint at episode 4500
[train] episode=4500/12500 mean_reward=0.695073 updates=225000
[train] episode=4600/12500 mean_reward=0.693410 updates=230000
[train] episode=4700/12500 mean_reward=0.692267 updates=235000
[checkpoint] saved deep checkpoint at episode 4750
[train] episode=4800/12500 mean_reward=0.691328 updates=240000
[train] episode=4900/12500 mean_reward=0.690503 updates=245000
[checkpoint] saved deep checkpoint at episode 5000
[train] episode=5000/12500 mean_reward=0.689464 updates=250000
[train] episode=5100/12500 mean_reward=0.688529 updates=255000
[train] episode=5200/12500 mean_reward=0.686888 updates=260000
[checkpoint] saved deep checkpoint at episode 5250
[train] episode=5300/12500 mean_reward=0.685753 updates=265000
[train] episode=5400/12500 mean_reward=0.684109 updates=270000
[checkpoint] saved deep checkpoint at episode 5500
[train] episode=5500/12500 mean_reward=0.682900 updates=275000
[train] episode=5600/12500 mean_reward=0.682123 updates=280000
[train] episode=5700/12500 mean_reward=0.681605 updates=285000
[checkpoint] saved deep checkpoint at episode 5750
[train] episode=5800/12500 mean_reward=0.680728 updates=290000
[train] episode=5900/12500 mean_reward=0.679848 updates=295000
[checkpoint] saved deep checkpoint at episode 6000
[train] episode=6000/12500 mean_reward=0.679254 updates=300000
[train] episode=6100/12500 mean_reward=0.677986 updates=305000
[train] episode=6200/12500 mean_reward=0.677336 updates=310000
[checkpoint] saved deep checkpoint at episode 6250
[train] episode=6300/12500 mean_reward=0.676149 updates=315000
[train] episode=6400/12500 mean_reward=0.675269 updates=320000
[checkpoint] saved deep checkpoint at episode 6500
[train] episode=6500/12500 mean_reward=0.674447 updates=325000
[train] episode=6600/12500 mean_reward=0.673443 updates=330000
[train] episode=6700/12500 mean_reward=0.672155 updates=335000
[checkpoint] saved deep checkpoint at episode 6750
[train] episode=6800/12500 mean_reward=0.671009 updates=340000
[train] episode=6900/12500 mean_reward=0.670121 updates=345000
[checkpoint] saved deep checkpoint at episode 7000
[train] episode=7000/12500 mean_reward=0.668840 updates=350000
[train] episode=7100/12500 mean_reward=0.667955 updates=355000
[train] episode=7200/12500 mean_reward=0.667324 updates=360000
[checkpoint] saved deep checkpoint at episode 7250
[train] episode=7300/12500 mean_reward=0.666412 updates=365000
[train] episode=7400/12500 mean_reward=0.666059 updates=370000
[checkpoint] saved deep checkpoint at episode 7500
[train] episode=7500/12500 mean_reward=0.665449 updates=375000
[train] episode=7600/12500 mean_reward=0.664577 updates=380000
[train] episode=7700/12500 mean_reward=0.664133 updates=385000
[checkpoint] saved deep checkpoint at episode 7750
[train] episode=7800/12500 mean_reward=0.663458 updates=390000
[train] episode=7900/12500 mean_reward=0.662828 updates=395000
[checkpoint] saved deep checkpoint at episode 8000
[train] episode=8000/12500 mean_reward=0.662216 updates=400000
[train] episode=8100/12500 mean_reward=0.661933 updates=405000
[train] episode=8200/12500 mean_reward=0.661055 updates=410000
[checkpoint] saved deep checkpoint at episode 8250
[train] episode=8300/12500 mean_reward=0.659974 updates=415000
[train] episode=8400/12500 mean_reward=0.658946 updates=420000
[checkpoint] saved deep checkpoint at episode 8500
[train] episode=8500/12500 mean_reward=0.658077 updates=425000
[train] episode=8600/12500 mean_reward=0.657491 updates=430000
[train] episode=8700/12500 mean_reward=0.657008 updates=435000
[checkpoint] saved deep checkpoint at episode 8750
[train] episode=8800/12500 mean_reward=0.656275 updates=440000
[train] episode=8900/12500 mean_reward=0.655816 updates=445000
[checkpoint] saved deep checkpoint at episode 9000
[train] episode=9000/12500 mean_reward=0.655450 updates=450000
[train] episode=9100/12500 mean_reward=0.655285 updates=455000
[train] episode=9200/12500 mean_reward=0.654767 updates=460000
[checkpoint] saved deep checkpoint at episode 9250
[train] episode=9300/12500 mean_reward=0.654367 updates=465000
[train] episode=9400/12500 mean_reward=0.654279 updates=470000
[checkpoint] saved deep checkpoint at episode 9500
[train] episode=9500/12500 mean_reward=0.654091 updates=475000
[train] episode=9600/12500 mean_reward=0.653756 updates=480000
[train] episode=9700/12500 mean_reward=0.653221 updates=485000
[checkpoint] saved deep checkpoint at episode 9750
[train] episode=9800/12500 mean_reward=0.652971 updates=490000
[train] episode=9900/12500 mean_reward=0.652827 updates=495000
[checkpoint] saved deep checkpoint at episode 10000
[train] episode=10000/12500 mean_reward=0.652626 updates=500000
[train] episode=10100/12500 mean_reward=0.652444 updates=505000
[train] episode=10200/12500 mean_reward=0.652220 updates=510000
[checkpoint] saved deep checkpoint at episode 10250
[train] episode=10300/12500 mean_reward=0.652032 updates=515000
[train] episode=10400/12500 mean_reward=0.651835 updates=520000
[checkpoint] saved deep checkpoint at episode 10500
[train] episode=10500/12500 mean_reward=0.651681 updates=525000
[train] episode=10600/12500 mean_reward=0.651451 updates=530000
[train] episode=10700/12500 mean_reward=0.651234 updates=535000
[checkpoint] saved deep checkpoint at episode 10750
[train] episode=10800/12500 mean_reward=0.650855 updates=540000
[train] episode=10900/12500 mean_reward=0.650787 updates=545000
[checkpoint] saved deep checkpoint at episode 11000
[train] episode=11000/12500 mean_reward=0.650439 updates=550000
[train] episode=11100/12500 mean_reward=0.649958 updates=555000
[train] episode=11200/12500 mean_reward=0.649553 updates=560000
[checkpoint] saved deep checkpoint at episode 11250
[train] episode=11300/12500 mean_reward=0.649392 updates=565000
[train] episode=11400/12500 mean_reward=0.648793 updates=570000
[checkpoint] saved deep checkpoint at episode 11500
[train] episode=11500/12500 mean_reward=0.648525 updates=575000
[train] episode=11600/12500 mean_reward=0.648029 updates=580000
[train] episode=11700/12500 mean_reward=0.647911 updates=585000
[checkpoint] saved deep checkpoint at episode 11750
[train] episode=11800/12500 mean_reward=0.647778 updates=590000
[train] episode=11900/12500 mean_reward=0.647510 updates=595000
[checkpoint] saved deep checkpoint at episode 12000
[train] episode=12000/12500 mean_reward=0.647350 updates=600000
[train] episode=12100/12500 mean_reward=0.647004 updates=605000
[train] episode=12200/12500 mean_reward=0.646832 updates=610000
[checkpoint] saved deep checkpoint at episode 12250
[train] episode=12300/12500 mean_reward=0.646585 updates=615000
[train] episode=12400/12500 mean_reward=0.646326 updates=620000
[checkpoint] saved deep checkpoint at episode 12500
[train] episode=12500/12500 mean_reward=0.646059 updates=625000
[done] training complete
[done] episodes_completed=12500
[done] total_updates=625000
[done] mean_reward=0.646059
[done] artifacts: /home2/harshitlalwani/Decoder/RELDEC/checkpoints/mi_tabular_zx_mackay_full
