[train] run_id=train_931c2196e8b3 auto_resume=False
[train] code=wran matrix=/home2/harshitlalwani/Decoder/RELDEC/matrices/WRAN_irreg_384_256.csv
[train] H shape=(128, 384) nnz=1296 rate=0.666667
[train] episodes=3000 start=0 l_max=50 alpha=0.1 beta=0.9 epsilon=0.6 policy_type=tabular cluster_size=1
[train] episode=100/3000 mean_reward=0.978753 updates=5000
[train] episode=200/3000 mean_reward=0.978305 updates=10000
[checkpoint] saved at episode 250
[train] episode=300/3000 mean_reward=0.978127 updates=15000
[train] episode=400/3000 mean_reward=0.978000 updates=20000
[checkpoint] saved at episode 500
[train] episode=500/3000 mean_reward=0.977505 updates=25000
[train] episode=600/3000 mean_reward=0.977282 updates=30000
[train] episode=700/3000 mean_reward=0.977336 updates=35000
[checkpoint] saved at episode 750
[train] episode=800/3000 mean_reward=0.977070 updates=40000
[train] episode=900/3000 mean_reward=0.977075 updates=45000
[checkpoint] saved at episode 1000
[train] episode=1000/3000 mean_reward=0.976516 updates=50000
[train] episode=1100/3000 mean_reward=0.976844 updates=55000
[train] episode=1200/3000 mean_reward=0.976517 updates=60000
[checkpoint] saved at episode 1250
[train] episode=1300/3000 mean_reward=0.976632 updates=65000
[train] episode=1400/3000 mean_reward=0.976476 updates=70000
[checkpoint] saved at episode 1500
[train] episode=1500/3000 mean_reward=0.976403 updates=75000
[train] episode=1600/3000 mean_reward=0.976582 updates=80000
[train] episode=1700/3000 mean_reward=0.976833 updates=85000
[checkpoint] saved at episode 1750
[train] episode=1800/3000 mean_reward=0.976736 updates=90000
[train] episode=1900/3000 mean_reward=0.976520 updates=95000
[checkpoint] saved at episode 2000
[train] episode=2000/3000 mean_reward=0.976639 updates=100000
[train] episode=2100/3000 mean_reward=0.976510 updates=105000
[train] episode=2200/3000 mean_reward=0.976549 updates=110000
[checkpoint] saved at episode 2250
[train] episode=2300/3000 mean_reward=0.976587 updates=115000
[train] episode=2400/3000 mean_reward=0.976580 updates=120000
[checkpoint] saved at episode 2500
[train] episode=2500/3000 mean_reward=0.976558 updates=125000
[train] episode=2600/3000 mean_reward=0.976613 updates=130000
[train] episode=2700/3000 mean_reward=0.976697 updates=135000
[checkpoint] saved at episode 2750
[train] episode=2800/3000 mean_reward=0.976731 updates=140000
[train] episode=2900/3000 mean_reward=0.976649 updates=145000
[checkpoint] saved at episode 3000
[train] episode=3000/3000 mean_reward=0.976800 updates=150000
[done] training complete
[done] episodes_completed=3000
[done] total_updates=150000
[done] mean_reward=0.976800
[done] artifacts: /home2/harshitlalwani/Decoder/RELDEC/checkpoints/0613_010011_reldec_wran_z1
