/home2/harshitlalwani/Decoder/RELDEC/algorithms/reldec_deep.py:266: FutureWarning: You are using `torch.load` with `weights_only=False` (the current default value), which uses the default pickle module implicitly. It is possible to construct malicious pickle data which will execute arbitrary code during unpickling (See https://github.com/pytorch/pytorch/blob/main/SECURITY.md#untrusted-models for more details). In a future release, the default value for `weights_only` will be flipped to `True`. This limits the functions that could be executed during unpickling. Arbitrary objects will no longer be allowed to be loaded via this mode unless they are explicitly allowlisted by the user via `torch.serialization.add_safe_globals`. We recommend you start setting `weights_only=True` for any use case where you don't have full control of the loaded file. Please open an issue on GitHub for any issues related to this experimental feature.
  return torch.load(buffer, map_location=map_location)
Traceback (most recent call last):
  File "/usr/lib/python3.10/runpy.py", line 196, in _run_module_as_main
    return _run_code(code, main_globals, None,
  File "/usr/lib/python3.10/runpy.py", line 86, in _run_code
    exec(code, run_globals)
  File "/home2/harshitlalwani/Decoder/RELDEC/train_reldec.py", line 554, in <module>
    _main()
  File "/home2/harshitlalwani/Decoder/RELDEC/train_reldec.py", line 457, in _main
    episode_reward, _ = deep_trainer.train_episode(llr, rng)
  File "/home2/harshitlalwani/Decoder/RELDEC/algorithms/reldec_deep.py", line 500, in train_episode
    next_state[a] = _state_vector(llr_post, self.map.cluster_neighbors[a], self.state_dim)
  File "/home2/harshitlalwani/Decoder/RELDEC/algorithms/reldec_deep.py", line 196, in _state_vector
    bits = (llr_post[vn_indices] < 0.0).astype(np.float32)
KeyboardInterrupt
[train] run_id=train_eb2c16661674 auto_resume=True
[train] code=wran matrix=/home2/harshitlalwani/Decoder/RELDEC/matrices/WRAN_irreg_384_256.csv
[train] H shape=(128, 384) nnz=1296 rate=0.666667
[train] episodes=15000 start=4000 l_max=50 alpha=0.1 beta=0.9 epsilon=0.6 policy_type=deep_zx cluster_size=1
