/home2/harshitlalwani/Decoder/RELDEC/algorithms/reldec_deep.py:266: FutureWarning: You are using `torch.load` with `weights_only=False` (the current default value), which uses the default pickle module implicitly. It is possible to construct malicious pickle data which will execute arbitrary code during unpickling (See https://github.com/pytorch/pytorch/blob/main/SECURITY.md#untrusted-models for more details). In a future release, the default value for `weights_only` will be flipped to `True`. This limits the functions that could be executed during unpickling. Arbitrary objects will no longer be allowed to be loaded via this mode unless they are explicitly allowlisted by the user via `torch.serialization.add_safe_globals`. We recommend you start setting `weights_only=True` for any use case where you don't have full control of the loaded file. Please open an issue on GitHub for any issues related to this experimental feature.
  return torch.load(buffer, map_location=map_location)
Traceback (most recent call last):
  File "/usr/lib/python3.10/runpy.py", line 196, in _run_module_as_main
    return _run_code(code, main_globals, None,
  File "/usr/lib/python3.10/runpy.py", line 86, in _run_code
    exec(code, run_globals)
  File "/home2/harshitlalwani/Decoder/RELDEC/train_reldec.py", line 554, in <module>
    _main()
  File "/home2/harshitlalwani/Decoder/RELDEC/train_reldec.py", line 457, in _main
    episode_reward, _ = deep_trainer.train_episode(llr, rng)
  File "/home2/harshitlalwani/Decoder/RELDEC/algorithms/reldec_deep.py", line 512, in train_episode
    episode_loss += self._train_step(rng)
  File "/home2/harshitlalwani/Decoder/RELDEC/algorithms/reldec_deep.py", line 435, in _train_step
    target = r_t + self.gamma * next_q * (1.0 - done_t)
  File "/home2/harshitlalwani/Decoder/.venv/lib/python3.10/site-packages/torch/_tensor.py", line 37, in wrapped
    if has_torch_function(args):
KeyboardInterrupt
[train] run_id=train_eb2c16661674 auto_resume=True
[train] code=wran matrix=/home2/harshitlalwani/Decoder/RELDEC/matrices/WRAN_irreg_384_256.csv
[train] H shape=(128, 384) nnz=1296 rate=0.666667
[train] episodes=15000 start=4000 l_max=50 alpha=0.1 beta=0.9 epsilon=0.6 policy_type=deep_zx cluster_size=1
[train] episode=4100/15000 mean_reward=0.955900 updates=205000
[train] episode=4200/15000 mean_reward=0.954218 updates=210000
[checkpoint] saved deep checkpoint at episode 4250
[train] episode=4300/15000 mean_reward=0.952141 updates=215000
[train] episode=4400/15000 mean_reward=0.949808 updates=220000
[checkpoint] saved deep checkpoint at episode 4500
[train] episode=4500/15000 mean_reward=0.947230 updates=225000
[train] episode=4600/15000 mean_reward=0.943491 updates=230000
[train] episode=4700/15000 mean_reward=0.940065 updates=235000
[checkpoint] saved deep checkpoint at episode 4750
[train] episode=4800/15000 mean_reward=0.936559 updates=240000
[train] episode=4900/15000 mean_reward=0.933233 updates=245000
[checkpoint] saved deep checkpoint at episode 5000
[train] episode=5000/15000 mean_reward=0.929601 updates=250000
[train] episode=5100/15000 mean_reward=0.926165 updates=255000
[train] episode=5200/15000 mean_reward=0.922358 updates=260000
[checkpoint] saved deep checkpoint at episode 5250
[train] episode=5300/15000 mean_reward=0.918846 updates=265000
[train] episode=5400/15000 mean_reward=0.915890 updates=270000
[checkpoint] saved deep checkpoint at episode 5500
[train] episode=5500/15000 mean_reward=0.912981 updates=275000
[train] episode=5600/15000 mean_reward=0.910812 updates=280000
[train] episode=5700/15000 mean_reward=0.908307 updates=285000
[checkpoint] saved deep checkpoint at episode 5750
[train] episode=5800/15000 mean_reward=0.905940 updates=290000
[train] episode=5900/15000 mean_reward=0.903541 updates=295000
[checkpoint] saved deep checkpoint at episode 6000
[train] episode=6000/15000 mean_reward=0.900993 updates=300000
[train] episode=6100/15000 mean_reward=0.898930 updates=305000
[train] episode=6200/15000 mean_reward=0.896861 updates=310000
[checkpoint] saved deep checkpoint at episode 6250
[train] episode=6300/15000 mean_reward=0.894505 updates=315000
[train] episode=6400/15000 mean_reward=0.892368 updates=320000
[checkpoint] saved deep checkpoint at episode 6500
[train] episode=6500/15000 mean_reward=0.890752 updates=325000
[train] episode=6600/15000 mean_reward=0.888921 updates=330000
[train] episode=6700/15000 mean_reward=0.887144 updates=335000
[checkpoint] saved deep checkpoint at episode 6750
[train] episode=6800/15000 mean_reward=0.884813 updates=340000
[train] episode=6900/15000 mean_reward=0.882820 updates=345000
[checkpoint] saved deep checkpoint at episode 7000
[train] episode=7000/15000 mean_reward=0.881442 updates=350000
[train] episode=7100/15000 mean_reward=0.879947 updates=355000
[train] episode=7200/15000 mean_reward=0.878341 updates=360000
[checkpoint] saved deep checkpoint at episode 7250
[train] episode=7300/15000 mean_reward=0.876659 updates=365000
[train] episode=7400/15000 mean_reward=0.875055 updates=370000
[checkpoint] saved deep checkpoint at episode 7500
[train] episode=7500/15000 mean_reward=0.873483 updates=375000
[train] episode=7600/15000 mean_reward=0.872358 updates=380000
[train] episode=7700/15000 mean_reward=0.870854 updates=385000
[checkpoint] saved deep checkpoint at episode 7750
[train] episode=7800/15000 mean_reward=0.869277 updates=390000
[train] episode=7900/15000 mean_reward=0.867995 updates=395000
[checkpoint] saved deep checkpoint at episode 8000
[train] episode=8000/15000 mean_reward=0.866447 updates=400000
[train] episode=8100/15000 mean_reward=0.865116 updates=405000
[train] episode=8200/15000 mean_reward=0.863722 updates=410000
[checkpoint] saved deep checkpoint at episode 8250
[train] episode=8300/15000 mean_reward=0.862440 updates=415000
[train] episode=8400/15000 mean_reward=0.861383 updates=420000
[checkpoint] saved deep checkpoint at episode 8500
[train] episode=8500/15000 mean_reward=0.860589 updates=425000
[train] episode=8600/15000 mean_reward=0.859518 updates=430000
[train] episode=8700/15000 mean_reward=0.858174 updates=435000
