Traceback (most recent call last):
  File "/usr/lib/python3.10/runpy.py", line 196, in _run_module_as_main
    return _run_code(code, main_globals, None,
  File "/usr/lib/python3.10/runpy.py", line 86, in _run_code
    exec(code, run_globals)
  File "/home2/harshitlalwani/Decoder/RELDEC/train_reldec.py", line 554, in <module>
    _main()
  File "/home2/harshitlalwani/Decoder/RELDEC/train_reldec.py", line 457, in _main
    episode_reward, _ = deep_trainer.train_episode(llr, rng)
  File "/home2/harshitlalwani/Decoder/RELDEC/algorithms/reldec_deep.py", line 476, in train_episode
    action = self._choose_action(state_cache, rng=rng, training=True)
  File "/home2/harshitlalwani/Decoder/RELDEC/algorithms/reldec_deep.py", line 405, in _choose_action
    q_vals = self.online_net(states)
  File "/home2/harshitlalwani/Decoder/.venv/lib/python3.10/site-packages/torch/nn/modules/module.py", line 1733, in _wrapped_call_impl
    if self._compiled_call_impl is not None:
KeyboardInterrupt
[train] run_id=train_eb2c16661674 auto_resume=False
[train] code=wran matrix=/home2/harshitlalwani/Decoder/RELDEC/matrices/WRAN_irreg_384_256.csv
[train] H shape=(128, 384) nnz=1296 rate=0.666667
[train] episodes=15000 start=0 l_max=50 alpha=0.1 beta=0.9 epsilon=0.6 policy_type=deep_zx cluster_size=1
[train] episode=100/15000 mean_reward=0.966171 updates=5000
